[    0.000000] Initializing cgroup subsys cpuset
[    0.000000] Initializing cgroup subsys cpu
[    0.000000] Initializing cgroup subsys cpuacct
[    0.000000] Linux version 4.4.0-45-generic (buildd@lcy01-08) (gcc version 4.8.4 (Ubuntu 4.8.4-2ubuntu1~14.04.3) ) #66~14.04.1-Ubuntu SMP Wed Oct 19 15:05:38 UTC 2016 (Ubuntu 4.4.0-45.66~14.04.1-generic 4.4.21)
[    0.000000] Command line: BOOT_IMAGE=/boot/vmlinuz-4.4.0-45-generic root=UUID=1821fbaf-59ff-4908-99c1-87572edf11f2 ro quiet splash
[    0.000000] KERNEL supported cpus:
[    0.000000]   Intel GenuineIntel
[    0.000000]   AMD AuthenticAMD
[    0.000000]   Centaur CentaurHauls
[    0.000000] x86/fpu: xstate_offset[2]:  576, xstate_sizes[2]:  256
[    0.000000] x86/fpu: Supporting XSAVE feature 0x01: 'x87 floating point registers'
[    0.000000] x86/fpu: Supporting XSAVE feature 0x02: 'SSE registers'
[    0.000000] x86/fpu: Supporting XSAVE feature 0x04: 'AVX registers'
[    0.000000] x86/fpu: Enabled xstate features 0x7, context size is 832 bytes, using 'standard' format.
[    0.000000] x86/fpu: Using 'eager' FPU context switches.
[    0.000000] e820: BIOS-provided physical RAM map:
[    0.000000] BIOS-e820: [mem 0x0000000000000000-0x000000000009d7ff] usable
[    0.000000] BIOS-e820: [mem 0x000000000009d800-0x000000000009ffff] reserved
[    0.000000] BIOS-e820: [mem 0x00000000000e0000-0x00000000000fffff] reserved
[    0.000000] BIOS-e820: [mem 0x0000000000100000-0x00000000b9108fff] usable
[    0.000000] BIOS-e820: [mem 0x00000000b9109000-0x00000000b910ffff] ACPI NVS
[    0.000000] BIOS-e820: [mem 0x00000000b9110000-0x00000000b955afff] usable
[    0.000000] BIOS-e820: [mem 0x00000000b955b000-0x00000000b996dfff] reserved
[    0.000000] BIOS-e820: [mem 0x00000000b996e000-0x00000000cc6b5fff] usable
[    0.000000] BIOS-e820: [mem 0x00000000cc6b6000-0x00000000cc8bdfff] reserved
[    0.000000] BIOS-e820: [mem 0x00000000cc8be000-0x00000000cc8d3fff] ACPI data
[    0.000000] BIOS-e820: [mem 0x00000000cc8d4000-0x00000000cce0ffff] ACPI NVS
[    0.000000] BIOS-e820: [mem 0x00000000cce10000-0x00000000cdffefff] reserved
[    0.000000] BIOS-e820: [mem 0x00000000cdfff000-0x00000000cdffffff] usable
[    0.000000] BIOS-e820: [mem 0x00000000cf000000-0x00000000df1fffff] reserved
[    0.000000] BIOS-e820: [mem 0x00000000f8000000-0x00000000fbffffff] reserved
[    0.000000] BIOS-e820: [mem 0x00000000fec00000-0x00000000fec00fff] reserved
[    0.000000] BIOS-e820: [mem 0x00000000fed00000-0x00000000fed03fff] reserved
[    0.000000] BIOS-e820: [mem 0x00000000fed1c000-0x00000000fed1ffff] reserved
[    0.000000] BIOS-e820: [mem 0x00000000fee00000-0x00000000fee00fff] reserved
[    0.000000] BIOS-e820: [mem 0x00000000ff000000-0x00000000ffffffff] reserved
[    0.000000] BIOS-e820: [mem 0x0000000100000000-0x000000021fdfffff] usable
[    0.000000] NX (Execute Disable) protection: active
[    0.000000] SMBIOS 2.7 present.
[    0.000000] DMI: ASUS All Series/H87-PLUS, BIOS 0607 09/17/2013
[    0.000000] e820: update [mem 0x00000000-0x00000fff] usable ==> reserved
[    0.000000] e820: remove [mem 0x000a0000-0x000fffff] usable
[    0.000000] e820: last_pfn = 0x21fe00 max_arch_pfn = 0x400000000
[    0.000000] MTRR default type: uncachable
[    0.000000] MTRR fixed ranges enabled:
[    0.000000]   00000-9FFFF write-back
[    0.000000]   A0000-BFFFF uncachable
[    0.000000]   C0000-CFFFF write-protect
[    0.000000]   D0000-E7FFF uncachable
[    0.000000]   E8000-FFFFF write-protect
[    0.000000] MTRR variable ranges enabled:
[    0.000000]   0 base 0000000000 mask 7E00000000 write-back
[    0.000000]   1 base 0200000000 mask 7FE0000000 write-back
[    0.000000]   2 base 00E0000000 mask 7FE0000000 uncachable
[    0.000000]   3 base 00D0000000 mask 7FF0000000 uncachable
[    0.000000]   4 base 00CF000000 mask 7FFF000000 uncachable
[    0.000000]   5 base 021FE00000 mask 7FFFE00000 uncachable
[    0.000000]   6 disabled
[    0.000000]   7 disabled
[    0.000000]   8 disabled
[    0.000000]   9 disabled
[    0.000000] x86/PAT: Configuration [0-7]: WB  WC  UC- UC  WB  WC  UC- WT  
[    0.000000] original variable MTRRs
[    0.000000] reg 0, base: 0GB, range: 8GB, type WB
[    0.000000] reg 1, base: 8GB, range: 512MB, type WB
[    0.000000] reg 2, base: 3584MB, range: 512MB, type UC
[    0.000000] reg 3, base: 3328MB, range: 256MB, type UC
[    0.000000] reg 4, base: 3312MB, range: 16MB, type UC
[    0.000000] reg 5, base: 8702MB, range: 2MB, type UC
[    0.000000] total RAM covered: 7918M
[    0.000000] Found optimal setting for mtrr clean up
[    0.000000]  gran_size: 64K 	chunk_size: 32M 	num_reg: 7  	lose cover RAM: 0G
[    0.000000] New variable MTRRs
[    0.000000] reg 0, base: 0GB, range: 2GB, type WB
[    0.000000] reg 1, base: 2GB, range: 1GB, type WB
[    0.000000] reg 2, base: 3GB, range: 256MB, type WB
[    0.000000] reg 3, base: 3312MB, range: 16MB, type UC
[    0.000000] reg 4, base: 4GB, range: 4GB, type WB
[    0.000000] reg 5, base: 8GB, range: 512MB, type WB
[    0.000000] reg 6, base: 8702MB, range: 2MB, type UC
[    0.000000] e820: update [mem 0xcf000000-0xffffffff] usable ==> reserved
[    0.000000] e820: last_pfn = 0xce000 max_arch_pfn = 0x400000000
[    0.000000] found SMP MP-table at [mem 0x000fd840-0x000fd84f] mapped at [ffff8800000fd840]
[    0.000000] Scanning 1 areas for low memory corruption
[    0.000000] Base memory trampoline at [ffff880000097000] 97000 size 24576
[    0.000000] Using GB pages for direct mapping
[    0.000000] BRK [0x02205000, 0x02205fff] PGTABLE
[    0.000000] BRK [0x02206000, 0x02206fff] PGTABLE
[    0.000000] BRK [0x02207000, 0x02207fff] PGTABLE
[    0.000000] BRK [0x02208000, 0x02208fff] PGTABLE
[    0.000000] BRK [0x02209000, 0x02209fff] PGTABLE
[    0.000000] BRK [0x0220a000, 0x0220afff] PGTABLE
[    0.000000] RAMDISK: [mem 0x356e0000-0x36b67fff]
[    0.000000] ACPI: Early table checksum verification disabled
[    0.000000] ACPI: RSDP 0x00000000000F0490 000024 (v02 ALASKA)
[    0.000000] ACPI: XSDT 0x00000000CC8C2080 00007C (v01 ALASKA A M I    01072009 AMI  00010013)
[    0.000000] ACPI: FACP 0x00000000CC8CE7A8 00010C (v05 ALASKA A M I    01072009 AMI  00010013)
[    0.000000] ACPI: DSDT 0x00000000CC8C2198 00C610 (v02 ALASKA A M I    00000024 INTL 20091112)
[    0.000000] ACPI: FACS 0x00000000CCE0E080 000040
[    0.000000] ACPI: APIC 0x00000000CC8CE8B8 000072 (v03 ALASKA A M I    01072009 AMI  00010013)
[    0.000000] ACPI: FPDT 0x00000000CC8CE930 000044 (v01 ALASKA A M I    01072009 AMI  00010013)
[    0.000000] ACPI: SSDT 0x00000000CC8CE978 000539 (v01 PmRef  Cpu0Ist  00003000 INTL 20051117)
[    0.000000] ACPI: SSDT 0x00000000CC8CEEB8 000AD8 (v01 PmRef  CpuPm    00003000 INTL 20051117)
[    0.000000] ACPI: MCFG 0x00000000CC8CF990 00003C (v01 ALASKA A M I    01072009 MSFT 00000097)
[    0.000000] ACPI: HPET 0x00000000CC8CF9D0 000038 (v01 ALASKA A M I    01072009 AMI. 00000005)
[    0.000000] ACPI: SSDT 0x00000000CC8CFA08 00036D (v01 SataRe SataTabl 00001000 INTL 20091112)
[    0.000000] ACPI: SSDT 0x00000000CC8CFD78 00329E (v01 SaSsdt SaSsdt   00003000 INTL 20091112)
[    0.000000] ACPI: BGRT 0x00000000CC8D3128 000038 (v00 ALASKA A M I    01072009 AMI  00010013)
[    0.000000] ACPI: DMAR 0x00000000CC8D3070 0000B8 (v01 INTEL  HSW      00000001 INTL 00000001)
[    0.000000] ACPI: Local APIC address 0xfee00000
[    0.000000] No NUMA configuration found
[    0.000000] Faking a node at [mem 0x0000000000000000-0x000000021fdfffff]
[    0.000000] NODE_DATA(0) allocated [mem 0x21fdf6000-0x21fdfafff]
[    0.000000] Zone ranges:
[    0.000000]   DMA      [mem 0x0000000000001000-0x0000000000ffffff]
[    0.000000]   DMA32    [mem 0x0000000001000000-0x00000000ffffffff]
[    0.000000]   Normal   [mem 0x0000000100000000-0x000000021fdfffff]
[    0.000000]   Device   empty
[    0.000000] Movable zone start for each node
[    0.000000] Early memory node ranges
[    0.000000]   node   0: [mem 0x0000000000001000-0x000000000009cfff]
[    0.000000]   node   0: [mem 0x0000000000100000-0x00000000b9108fff]
[    0.000000]   node   0: [mem 0x00000000b9110000-0x00000000b955afff]
[    0.000000]   node   0: [mem 0x00000000b996e000-0x00000000cc6b5fff]
[    0.000000]   node   0: [mem 0x00000000cdfff000-0x00000000cdffffff]
[    0.000000]   node   0: [mem 0x0000000100000000-0x000000021fdfffff]
[    0.000000] Initmem setup node 0 [mem 0x0000000000001000-0x000000021fdfffff]
[    0.000000] On node 0 totalpages: 2015289
[    0.000000]   DMA zone: 64 pages used for memmap
[    0.000000]   DMA zone: 21 pages reserved
[    0.000000]   DMA zone: 3996 pages, LIFO batch:0
[    0.000000]   DMA32 zone: 13003 pages used for memmap
[    0.000000]   DMA32 zone: 832157 pages, LIFO batch:31
[    0.000000]   Normal zone: 18424 pages used for memmap
[    0.000000]   Normal zone: 1179136 pages, LIFO batch:31
[    0.000000] Reserving Intel graphics stolen memory at 0xcf200000-0xdf1fffff
[    0.000000] ACPI: PM-Timer IO Port: 0x1808
[    0.000000] ACPI: Local APIC address 0xfee00000
[    0.000000] ACPI: LAPIC_NMI (acpi_id[0xff] high edge lint[0x1])
[    0.000000] IOAPIC[0]: apic_id 2, version 32, address 0xfec00000, GSI 0-23
[    0.000000] ACPI: INT_SRC_OVR (bus 0 bus_irq 0 global_irq 2 dfl dfl)
[    0.000000] ACPI: INT_SRC_OVR (bus 0 bus_irq 9 global_irq 9 high level)
[    0.000000] ACPI: IRQ0 used by override.
[    0.000000] ACPI: IRQ9 used by override.
[    0.000000] Using ACPI (MADT) for SMP configuration information
[    0.000000] ACPI: HPET id: 0x8086a701 base: 0xfed00000
[    0.000000] smpboot: Allowing 4 CPUs, 0 hotplug CPUs
[    0.000000] PM: Registered nosave memory: [mem 0x00000000-0x00000fff]
[    0.000000] PM: Registered nosave memory: [mem 0x0009d000-0x0009dfff]
[    0.000000] PM: Registered nosave memory: [mem 0x0009e000-0x0009ffff]
[    0.000000] PM: Registered nosave memory: [mem 0x000a0000-0x000dffff]
[    0.000000] PM: Registered nosave memory: [mem 0x000e0000-0x000fffff]
[    0.000000] PM: Registered nosave memory: [mem 0xb9109000-0xb910ffff]
[    0.000000] PM: Registered nosave memory: [mem 0xb955b000-0xb996dfff]
[    0.000000] PM: Registered nosave memory: [mem 0xcc6b6000-0xcc8bdfff]
[    0.000000] PM: Registered nosave memory: [mem 0xcc8be000-0xcc8d3fff]
[    0.000000] PM: Registered nosave memory: [mem 0xcc8d4000-0xcce0ffff]
[    0.000000] PM: Registered nosave memory: [mem 0xcce10000-0xcdffefff]
[    0.000000] PM: Registered nosave memory: [mem 0xce000000-0xceffffff]
[    0.000000] PM: Registered nosave memory: [mem 0xcf000000-0xdf1fffff]
[    0.000000] PM: Registered nosave memory: [mem 0xdf200000-0xf7ffffff]
[    0.000000] PM: Registered nosave memory: [mem 0xf8000000-0xfbffffff]
[    0.000000] PM: Registered nosave memory: [mem 0xfc000000-0xfebfffff]
[    0.000000] PM: Registered nosave memory: [mem 0xfec00000-0xfec00fff]
[    0.000000] PM: Registered nosave memory: [mem 0xfec01000-0xfecfffff]
[    0.000000] PM: Registered nosave memory: [mem 0xfed00000-0xfed03fff]
[    0.000000] PM: Registered nosave memory: [mem 0xfed04000-0xfed1bfff]
[    0.000000] PM: Registered nosave memory: [mem 0xfed1c000-0xfed1ffff]
[    0.000000] PM: Registered nosave memory: [mem 0xfed20000-0xfedfffff]
[    0.000000] PM: Registered nosave memory: [mem 0xfee00000-0xfee00fff]
[    0.000000] PM: Registered nosave memory: [mem 0xfee01000-0xfeffffff]
[    0.000000] PM: Registered nosave memory: [mem 0xff000000-0xffffffff]
[    0.000000] e820: [mem 0xdf200000-0xf7ffffff] available for PCI devices
[    0.000000] Booting paravirtualized kernel on bare hardware
[    0.000000] clocksource: refined-jiffies: mask: 0xffffffff max_cycles: 0xffffffff, max_idle_ns: 7645519600211568 ns
[    0.000000] setup_percpu: NR_CPUS:256 nr_cpumask_bits:256 nr_cpu_ids:4 nr_node_ids:1
[    0.000000] PERCPU: Embedded 33 pages/cpu @ffff88021fa00000 s98008 r8192 d28968 u524288
[    0.000000] pcpu-alloc: s98008 r8192 d28968 u524288 alloc=1*2097152
[    0.000000] pcpu-alloc: [0] 0 1 2 3 
[    0.000000] Built 1 zonelists in Node order, mobility grouping on.  Total pages: 1983777
[    0.000000] Policy zone: Normal
[    0.000000] Kernel command line: BOOT_IMAGE=/boot/vmlinuz-4.4.0-45-generic root=UUID=1821fbaf-59ff-4908-99c1-87572edf11f2 ro quiet splash
[    0.000000] PID hash table entries: 4096 (order: 3, 32768 bytes)
[    0.000000] Calgary: detecting Calgary via BIOS EBDA area
[    0.000000] Calgary: Unable to locate Rio Grande table in EBDA - bailing!
[    0.000000] Memory: 7827724K/8061156K available (8188K kernel code, 1292K rwdata, 3964K rodata, 1488K init, 1292K bss, 233432K reserved, 0K cma-reserved)
[    0.000000] SLUB: HWalign=64, Order=0-3, MinObjects=0, CPUs=4, Nodes=1
[    0.000000] Hierarchical RCU implementation.
[    0.000000] 	Build-time adjustment of leaf fanout to 64.
[    0.000000] 	RCU restricting CPUs from NR_CPUS=256 to nr_cpu_ids=4.
[    0.000000] RCU: Adjusting geometry for rcu_fanout_leaf=64, nr_cpu_ids=4
[    0.000000] NR_IRQS:16640 nr_irqs:456 16
[    0.000000] Console: colour VGA+ 80x25
[    0.000000] console [tty0] enabled
[    0.000000] clocksource: hpet: mask: 0xffffffff max_cycles: 0xffffffff, max_idle_ns: 133484882848 ns
[    0.000000] hpet clockevent registered
[    0.000000] tsc: Fast TSC calibration using PIT
[    0.000000] tsc: Detected 3092.859 MHz processor
[    0.000022] Calibrating delay loop (skipped), value calculated using timer frequency.. 6185.71 BogoMIPS (lpj=12371436)
[    0.000024] pid_max: default: 32768 minimum: 301
[    0.000027] ACPI: Core revision 20150930
[    0.007352] ACPI: 5 ACPI AML tables successfully acquired and loaded
[    0.007366] Security Framework initialized
[    0.007367] Yama: becoming mindful.
[    0.007377] AppArmor: AppArmor initialized
[    0.007745] Dentry cache hash table entries: 1048576 (order: 11, 8388608 bytes)
[    0.008863] Inode-cache hash table entries: 524288 (order: 10, 4194304 bytes)
[    0.009346] Mount-cache hash table entries: 16384 (order: 5, 131072 bytes)
[    0.009353] Mountpoint-cache hash table entries: 16384 (order: 5, 131072 bytes)
[    0.009502] Initializing cgroup subsys io
[    0.009504] Initializing cgroup subsys memory
[    0.009509] Initializing cgroup subsys devices
[    0.009510] Initializing cgroup subsys freezer
[    0.009512] Initializing cgroup subsys net_cls
[    0.009513] Initializing cgroup subsys perf_event
[    0.009515] Initializing cgroup subsys net_prio
[    0.009517] Initializing cgroup subsys hugetlb
[    0.009518] Initializing cgroup subsys pids
[    0.009536] CPU: Physical Processor ID: 0
[    0.009536] CPU: Processor Core ID: 0
[    0.009540] ENERGY_PERF_BIAS: Set to 'normal', was 'performance'
[    0.009540] ENERGY_PERF_BIAS: View and update with x86_energy_perf_policy(8)
[    0.010311] mce: CPU supports 9 MCE banks
[    0.010322] CPU0: Thermal monitoring enabled (TM1)
[    0.010329] process: using mwait in idle threads
[    0.010332] Last level iTLB entries: 4KB 1024, 2MB 1024, 4MB 1024
[    0.010332] Last level dTLB entries: 4KB 1024, 2MB 1024, 4MB 1024, 1GB 4
[    0.010599] Freeing SMP alternatives memory: 28K (ffffffff820b9000 - ffffffff820c0000)
[    0.014628] ftrace: allocating 32044 entries in 126 pages
[    0.024681] smpboot: Max logical packages: 1
[    0.024683] smpboot: APIC(0) Converting physical 0 to logical package 0
[    0.024686] DMAR: Host address width 39
[    0.024687] DMAR: DRHD base: 0x000000fed90000 flags: 0x0
[    0.024693] DMAR: dmar0: reg_base_addr fed90000 ver 1:0 cap c0000020660462 ecap f0101a
[    0.024694] DMAR: DRHD base: 0x000000fed91000 flags: 0x1
[    0.024696] DMAR: dmar1: reg_base_addr fed91000 ver 1:0 cap d2008020660462 ecap f010da
[    0.024697] DMAR: RMRR base: 0x000000cc845000 end: 0x000000cc851fff
[    0.024698] DMAR: RMRR base: 0x000000cf000000 end: 0x000000df1fffff
[    0.024700] DMAR-IR: IOAPIC id 2 under DRHD base  0xfed91000 IOMMU 1
[    0.024700] DMAR-IR: HPET id 0 under DRHD base 0xfed91000
[    0.024701] DMAR-IR: Queued invalidation will be enabled to support x2apic and Intr-remapping.
[    0.024936] DMAR-IR: Enabled IRQ remapping in x2apic mode
[    0.024937] x2apic enabled
[    0.024941] Switched APIC routing to cluster x2apic.
[    0.025329] ..TIMER: vector=0x30 apic1=0 pin1=2 apic2=-1 pin2=-1
[    0.065016] TSC deadline timer enabled
[    0.065018] smpboot: CPU0: Intel(R) Core(TM) i5-4440 CPU @ 3.10GHz (family: 0x6, model: 0x3c, stepping: 0x3)
[    0.065033] Performance Events: PEBS fmt2+, 16-deep LBR, Haswell events, full-width counters, Intel PMU driver.
[    0.065047] ... version:                3
[    0.065048] ... bit width:              48
[    0.065048] ... generic registers:      8
[    0.065049] ... value mask:             0000ffffffffffff
[    0.065050] ... max period:             0000ffffffffffff
[    0.065050] ... fixed-purpose events:   3
[    0.065051] ... event mask:             00000007000000ff
[    0.065672] x86: Booting SMP configuration:
[    0.065673] .... node  #0, CPUs:      #1
[    0.068801] NMI watchdog: enabled on all CPUs, permanently consumes one hw-PMU counter.
[    0.068850]  #2 #3
[    0.075103] x86: Booted up 1 node, 4 CPUs
[    0.075106] smpboot: Total of 4 processors activated (24742.87 BogoMIPS)
[    0.077911] devtmpfs: initialized
[    0.079695] evm: security.selinux
[    0.079695] evm: security.SMACK64
[    0.079696] evm: security.SMACK64EXEC
[    0.079697] evm: security.SMACK64TRANSMUTE
[    0.079697] evm: security.SMACK64MMAP
[    0.079698] evm: security.ima
[    0.079698] evm: security.capability
[    0.079738] PM: Registering ACPI NVS region [mem 0xb9109000-0xb910ffff] (28672 bytes)
[    0.079739] PM: Registering ACPI NVS region [mem 0xcc8d4000-0xcce0ffff] (5488640 bytes)
[    0.079840] clocksource: jiffies: mask: 0xffffffff max_cycles: 0xffffffff, max_idle_ns: 7645041785100000 ns
[    0.079899] pinctrl core: initialized pinctrl subsystem
[    0.079982] RTC time:  8:55:34, date: 03/24/17
[    0.080065] NET: Registered protocol family 16
[    0.089822] cpuidle: using governor ladder
[    0.105827] cpuidle: using governor menu
[    0.105830] PCCT header not found.
[    0.105882] ACPI FADT declares the system doesn't support PCIe ASPM, so disable it
[    0.105883] ACPI: bus type PCI registered
[    0.105884] acpiphp: ACPI Hot Plug PCI Controller Driver version: 0.5
[    0.105937] PCI: MMCONFIG for domain 0000 [bus 00-3f] at [mem 0xf8000000-0xfbffffff] (base 0xf8000000)
[    0.105939] PCI: MMCONFIG at [mem 0xf8000000-0xfbffffff] reserved in E820
[    0.105945] PCI: Using configuration type 1 for base access
[    0.106047] NMI watchdog: enabled on all CPUs, permanently consumes one hw-PMU counter.
[    0.106051] core: PMU erratum BJ122, BV98, HSD29 workaround disabled, HT off
[    0.118103] ACPI: Added _OSI(Module Device)
[    0.118105] ACPI: Added _OSI(Processor Device)
[    0.118106] ACPI: Added _OSI(3.0 _SCP Extensions)
[    0.118106] ACPI: Added _OSI(Processor Aggregator Device)
[    0.120649] ACPI: Executed 1 blocks of module-level executable AML code
[    0.122274] [Firmware Bug]: ACPI: BIOS _OSI(Linux) query ignored
[    0.122579] ACPI: Dynamic OEM Table Load:
[    0.122583] ACPI: SSDT 0xFFFF880215C99000 0003D3 (v01 PmRef  Cpu0Cst  00003001 INTL 20051117)
[    0.123019] ACPI: Dynamic OEM Table Load:
[    0.123022] ACPI: SSDT 0xFFFF8802162E9800 0005AA (v01 PmRef  ApIst    00003000 INTL 20051117)
[    0.123483] ACPI: Dynamic OEM Table Load:
[    0.123485] ACPI: SSDT 0xFFFF880215C69400 000119 (v01 PmRef  ApCst    00003000 INTL 20051117)
[    0.124203] ACPI: Interpreter enabled
[    0.124208] ACPI Exception: AE_NOT_FOUND, While evaluating Sleep State [\_S1_] (20150930/hwxface-580)
[    0.124212] ACPI Exception: AE_NOT_FOUND, While evaluating Sleep State [\_S2_] (20150930/hwxface-580)
[    0.124223] ACPI: (supports S0 S3 S4 S5)
[    0.124224] ACPI: Using IOAPIC for interrupt routing
[    0.124241] PCI: Using host bridge windows from ACPI; if necessary, use "pci=nocrs" and report a bug
[    0.129777] ACPI: Power Resource [FN00] (off)
[    0.129827] ACPI: Power Resource [FN01] (off)
[    0.129876] ACPI: Power Resource [FN02] (off)
[    0.129923] ACPI: Power Resource [FN03] (off)
[    0.129973] ACPI: Power Resource [FN04] (off)
[    0.130520] ACPI: PCI Root Bridge [PCI0] (domain 0000 [bus 00-3e])
[    0.130523] acpi PNP0A08:00: _OSC: OS supports [ExtendedConfig ASPM ClockPM Segments MSI]
[    0.130658] acpi PNP0A08:00: _OSC: platform does not support [PCIeHotplug PME]
[    0.130743] acpi PNP0A08:00: _OSC: OS now controls [AER PCIeCapability]
[    0.130744] acpi PNP0A08:00: FADT indicates ASPM is unsupported, using BIOS configuration
[    0.130993] PCI host bridge to bus 0000:00
[    0.130995] pci_bus 0000:00: root bus resource [io  0x0000-0x0cf7 window]
[    0.130997] pci_bus 0000:00: root bus resource [io  0x0d00-0xffff window]
[    0.130998] pci_bus 0000:00: root bus resource [mem 0x000a0000-0x000bffff window]
[    0.130999] pci_bus 0000:00: root bus resource [mem 0x000d0000-0x000d3fff window]
[    0.131000] pci_bus 0000:00: root bus resource [mem 0x000d4000-0x000d7fff window]
[    0.131001] pci_bus 0000:00: root bus resource [mem 0x000d8000-0x000dbfff window]
[    0.131002] pci_bus 0000:00: root bus resource [mem 0x000dc000-0x000dffff window]
[    0.131003] pci_bus 0000:00: root bus resource [mem 0x000e0000-0x000e3fff window]
[    0.131004] pci_bus 0000:00: root bus resource [mem 0x000e4000-0x000e7fff window]
[    0.131005] pci_bus 0000:00: root bus resource [mem 0xdf200000-0xfeafffff window]
[    0.131006] pci_bus 0000:00: root bus resource [bus 00-3e]
[    0.131011] pci 0000:00:00.0: [8086:0c00] type 00 class 0x060000
[    0.131073] pci 0000:00:01.0: [8086:0c01] type 01 class 0x060400
[    0.131099] pci 0000:00:01.0: PME# supported from D0 D3hot D3cold
[    0.131160] pci 0000:00:01.0: System wakeup disabled by ACPI
[    0.131189] pci 0000:00:02.0: [8086:0412] type 00 class 0x030000
[    0.131199] pci 0000:00:02.0: reg 0x10: [mem 0xf7800000-0xf7bfffff 64bit]
[    0.131203] pci 0000:00:02.0: reg 0x18: [mem 0xe0000000-0xefffffff 64bit pref]
[    0.131207] pci 0000:00:02.0: reg 0x20: [io  0xf000-0xf03f]
[    0.131261] pci 0000:00:03.0: [8086:0c0c] type 00 class 0x040300
[    0.131270] pci 0000:00:03.0: reg 0x10: [mem 0xf7d14000-0xf7d17fff 64bit]
[    0.131343] pci 0000:00:14.0: [8086:8c31] type 00 class 0x0c0330
[    0.131365] pci 0000:00:14.0: reg 0x10: [mem 0xf7d00000-0xf7d0ffff 64bit]
[    0.131408] pci 0000:00:14.0: PME# supported from D3hot D3cold
[    0.131436] pci 0000:00:14.0: System wakeup disabled by ACPI
[    0.131460] pci 0000:00:16.0: [8086:8c3a] type 00 class 0x078000
[    0.131483] pci 0000:00:16.0: reg 0x10: [mem 0xf7d1e000-0xf7d1e00f 64bit]
[    0.131529] pci 0000:00:16.0: PME# supported from D0 D3hot D3cold
[    0.131585] pci 0000:00:1a.0: [8086:8c2d] type 00 class 0x0c0320
[    0.131609] pci 0000:00:1a.0: reg 0x10: [mem 0xf7d1c000-0xf7d1c3ff]
[    0.131673] pci 0000:00:1a.0: PME# supported from D0 D3hot D3cold
[    0.131710] pci 0000:00:1a.0: System wakeup disabled by ACPI
[    0.131736] pci 0000:00:1b.0: [8086:8c20] type 00 class 0x040300
[    0.131757] pci 0000:00:1b.0: reg 0x10: [mem 0xf7d10000-0xf7d13fff 64bit]
[    0.131807] pci 0000:00:1b.0: PME# supported from D0 D3hot D3cold
[    0.131836] pci 0000:00:1b.0: System wakeup disabled by ACPI
[    0.131860] pci 0000:00:1c.0: [8086:8c10] type 01 class 0x060400
[    0.131914] pci 0000:00:1c.0: PME# supported from D0 D3hot D3cold
[    0.131964] pci 0000:00:1c.0: System wakeup disabled by ACPI
[    0.131989] pci 0000:00:1c.2: [8086:8c14] type 01 class 0x060400
[    0.132043] pci 0000:00:1c.2: PME# supported from D0 D3hot D3cold
[    0.132091] pci 0000:00:1c.2: System wakeup disabled by ACPI
[    0.132116] pci 0000:00:1c.3: [8086:244e] type 01 class 0x060401
[    0.132170] pci 0000:00:1c.3: PME# supported from D0 D3hot D3cold
[    0.132218] pci 0000:00:1c.3: System wakeup disabled by ACPI
[    0.132247] pci 0000:00:1d.0: [8086:8c26] type 00 class 0x0c0320
[    0.132272] pci 0000:00:1d.0: reg 0x10: [mem 0xf7d1b000-0xf7d1b3ff]
[    0.132336] pci 0000:00:1d.0: PME# supported from D0 D3hot D3cold
[    0.132372] pci 0000:00:1d.0: System wakeup disabled by ACPI
[    0.132398] pci 0000:00:1f.0: [8086:8c4a] type 00 class 0x060100
[    0.132533] pci 0000:00:1f.2: [8086:8c02] type 00 class 0x010601
[    0.132551] pci 0000:00:1f.2: reg 0x10: [io  0xf0b0-0xf0b7]
[    0.132557] pci 0000:00:1f.2: reg 0x14: [io  0xf0a0-0xf0a3]
[    0.132562] pci 0000:00:1f.2: reg 0x18: [io  0xf090-0xf097]
[    0.132568] pci 0000:00:1f.2: reg 0x1c: [io  0xf080-0xf083]
[    0.132574] pci 0000:00:1f.2: reg 0x20: [io  0xf060-0xf07f]
[    0.132580] pci 0000:00:1f.2: reg 0x24: [mem 0xf7d1a000-0xf7d1a7ff]
[    0.132602] pci 0000:00:1f.2: PME# supported from D3hot
[    0.132648] pci 0000:00:1f.3: [8086:8c22] type 00 class 0x0c0500
[    0.132661] pci 0000:00:1f.3: reg 0x10: [mem 0xf7d19000-0xf7d190ff 64bit]
[    0.132678] pci 0000:00:1f.3: reg 0x20: [io  0xf040-0xf05f]
[    0.132756] pci 0000:00:01.0: PCI bridge to [bus 01]
[    0.132803] acpiphp: Slot [1] registered
[    0.132806] pci 0000:00:1c.0: PCI bridge to [bus 02]
[    0.132864] pci 0000:03:00.0: [10ec:8168] type 00 class 0x020000
[    0.132901] pci 0000:03:00.0: reg 0x10: [io  0xe000-0xe0ff]
[    0.132927] pci 0000:03:00.0: reg 0x18: [mem 0xf7c00000-0xf7c00fff 64bit]
[    0.132943] pci 0000:03:00.0: reg 0x20: [mem 0xf0000000-0xf0003fff 64bit pref]
[    0.133010] pci 0000:03:00.0: supports D1 D2
[    0.133011] pci 0000:03:00.0: PME# supported from D0 D1 D2 D3hot D3cold
[    0.133046] pci 0000:03:00.0: System wakeup disabled by ACPI
[    0.139178] pci 0000:00:1c.2: PCI bridge to [bus 03]
[    0.139181] pci 0000:00:1c.2:   bridge window [io  0xe000-0xefff]
[    0.139184] pci 0000:00:1c.2:   bridge window [mem 0xf7c00000-0xf7cfffff]
[    0.139187] pci 0000:00:1c.2:   bridge window [mem 0xf0000000-0xf00fffff 64bit pref]
[    0.139232] pci 0000:04:00.0: [1b21:1080] type 01 class 0x060401
[    0.139324] pci 0000:04:00.0: System wakeup disabled by ACPI
[    0.139344] pci 0000:00:1c.3: PCI bridge to [bus 04-05] (subtractive decode)
[    0.139351] pci 0000:00:1c.3:   bridge window [io  0x0000-0x0cf7 window] (subtractive decode)
[    0.139352] pci 0000:00:1c.3:   bridge window [io  0x0d00-0xffff window] (subtractive decode)
[    0.139353] pci 0000:00:1c.3:   bridge window [mem 0x000a0000-0x000bffff window] (subtractive decode)
[    0.139354] pci 0000:00:1c.3:   bridge window [mem 0x000d0000-0x000d3fff window] (subtractive decode)
[    0.139355] pci 0000:00:1c.3:   bridge window [mem 0x000d4000-0x000d7fff window] (subtractive decode)
[    0.139356] pci 0000:00:1c.3:   bridge window [mem 0x000d8000-0x000dbfff window] (subtractive decode)
[    0.139357] pci 0000:00:1c.3:   bridge window [mem 0x000dc000-0x000dffff window] (subtractive decode)
[    0.139358] pci 0000:00:1c.3:   bridge window [mem 0x000e0000-0x000e3fff window] (subtractive decode)
[    0.139359] pci 0000:00:1c.3:   bridge window [mem 0x000e4000-0x000e7fff window] (subtractive decode)
[    0.139360] pci 0000:00:1c.3:   bridge window [mem 0xdf200000-0xfeafffff window] (subtractive decode)
[    0.139449] pci 0000:04:00.0: PCI bridge to [bus 05] (subtractive decode)
[    0.139466] pci 0000:04:00.0:   bridge window [io  0x0000-0x0cf7 window] (subtractive decode)
[    0.139467] pci 0000:04:00.0:   bridge window [io  0x0d00-0xffff window] (subtractive decode)
[    0.139468] pci 0000:04:00.0:   bridge window [mem 0x000a0000-0x000bffff window] (subtractive decode)
[    0.139469] pci 0000:04:00.0:   bridge window [mem 0x000d0000-0x000d3fff window] (subtractive decode)
[    0.139470] pci 0000:04:00.0:   bridge window [mem 0x000d4000-0x000d7fff window] (subtractive decode)
[    0.139471] pci 0000:04:00.0:   bridge window [mem 0x000d8000-0x000dbfff window] (subtractive decode)
[    0.139472] pci 0000:04:00.0:   bridge window [mem 0x000dc000-0x000dffff window] (subtractive decode)
[    0.139473] pci 0000:04:00.0:   bridge window [mem 0x000e0000-0x000e3fff window] (subtractive decode)
[    0.139474] pci 0000:04:00.0:   bridge window [mem 0x000e4000-0x000e7fff window] (subtractive decode)
[    0.139475] pci 0000:04:00.0:   bridge window [mem 0xdf200000-0xfeafffff window] (subtractive decode)
[    0.139974] ACPI: PCI Interrupt Link [LNKA] (IRQs 3 4 5 6 7 10 *11 12 14 15)
[    0.140006] ACPI: PCI Interrupt Link [LNKB] (IRQs 3 4 5 6 7 10 11 12 14 15) *0, disabled.
[    0.140036] ACPI: PCI Interrupt Link [LNKC] (IRQs 3 4 5 6 *7 10 11 12 14 15)
[    0.140067] ACPI: PCI Interrupt Link [LNKD] (IRQs 3 4 5 6 7 10 11 12 14 *15)
[    0.140097] ACPI: PCI Interrupt Link [LNKE] (IRQs 3 4 *5 6 7 10 11 12 14 15)
[    0.140127] ACPI: PCI Interrupt Link [LNKF] (IRQs 3 4 5 6 7 *10 11 12 14 15)
[    0.140156] ACPI: PCI Interrupt Link [LNKG] (IRQs *3 4 5 6 7 10 11 12 14 15)
[    0.140186] ACPI: PCI Interrupt Link [LNKH] (IRQs 3 4 5 6 7 10 11 12 *14 15)
[    0.140421] ACPI: Enabled 5 GPEs in block 00 to 3F
[    0.140495] vgaarb: setting as boot device: PCI:0000:00:02.0
[    0.140496] vgaarb: device added: PCI:0000:00:02.0,decodes=io+mem,owns=io+mem,locks=none
[    0.140498] vgaarb: loaded
[    0.140498] vgaarb: bridge control possible 0000:00:02.0
[    0.140648] SCSI subsystem initialized
[    0.140666] libata version 3.00 loaded.
[    0.140682] ACPI: bus type USB registered
[    0.140691] usbcore: registered new interface driver usbfs
[    0.140698] usbcore: registered new interface driver hub
[    0.140708] usbcore: registered new device driver usb
[    0.140790] PCI: Using ACPI for IRQ routing
[    0.142002] PCI: pci_cache_line_size set to 64 bytes
[    0.142035] e820: reserve RAM buffer [mem 0x0009d800-0x0009ffff]
[    0.142036] e820: reserve RAM buffer [mem 0xb9109000-0xbbffffff]
[    0.142037] e820: reserve RAM buffer [mem 0xb955b000-0xbbffffff]
[    0.142038] e820: reserve RAM buffer [mem 0xcc6b6000-0xcfffffff]
[    0.142039] e820: reserve RAM buffer [mem 0xce000000-0xcfffffff]
[    0.142040] e820: reserve RAM buffer [mem 0x21fe00000-0x21fffffff]
[    0.142115] NetLabel: Initializing
[    0.142116] NetLabel:  domain hash size = 128
[    0.142116] NetLabel:  protocols = UNLABELED CIPSOv4
[    0.142125] NetLabel:  unlabeled traffic allowed by default
[    0.142167] hpet0: at MMIO 0xfed00000, IRQs 2, 8, 0, 0, 0, 0, 0, 0
[    0.142171] hpet0: 8 comparators, 64-bit 14.318180 MHz counter
[    0.144181] amd_nb: Cannot enumerate AMD northbridges
[    0.144190] clocksource: Switched to clocksource hpet
[    0.148147] AppArmor: AppArmor Filesystem Enabled
[    0.148187] pnp: PnP ACPI init
[    0.148247] system 00:00: [mem 0xfed40000-0xfed44fff] has been reserved
[    0.148250] system 00:00: Plug and Play ACPI device, IDs PNP0c01 (active)
[    0.148356] system 00:01: [io  0x0680-0x069f] has been reserved
[    0.148357] system 00:01: [io  0xffff] has been reserved
[    0.148358] system 00:01: [io  0xffff] has been reserved
[    0.148359] system 00:01: [io  0xffff] has been reserved
[    0.148360] system 00:01: [io  0x1c00-0x1cfe] has been reserved
[    0.148361] system 00:01: [io  0x1d00-0x1dfe] has been reserved
[    0.148362] system 00:01: [io  0x1e00-0x1efe] has been reserved
[    0.148363] system 00:01: [io  0x1f00-0x1ffe] has been reserved
[    0.148364] system 00:01: [io  0x1800-0x18fe] could not be reserved
[    0.148365] system 00:01: [io  0x164e-0x164f] has been reserved
[    0.148367] system 00:01: Plug and Play ACPI device, IDs PNP0c02 (active)
[    0.148383] pnp 00:02: Plug and Play ACPI device, IDs PNP0b00 (active)
[    0.148413] system 00:03: [io  0x1854-0x1857] has been reserved
[    0.148414] system 00:03: Plug and Play ACPI device, IDs INT3f0d PNP0c02 (active)
[    0.148465] system 00:04: [io  0x0290-0x029f] has been reserved
[    0.148467] system 00:04: Plug and Play ACPI device, IDs PNP0c02 (active)
[    0.148497] system 00:05: [io  0x04d0-0x04d1] has been reserved
[    0.148498] system 00:05: Plug and Play ACPI device, IDs PNP0c02 (active)
[    0.148627] pnp 00:06: [dma 0 disabled]
[    0.148655] pnp 00:06: Plug and Play ACPI device, IDs PNP0501 (active)
[    0.148930] system 00:07: [mem 0xfed1c000-0xfed1ffff] has been reserved
[    0.148931] system 00:07: [mem 0xfed10000-0xfed17fff] has been reserved
[    0.148932] system 00:07: [mem 0xfed18000-0xfed18fff] has been reserved
[    0.148933] system 00:07: [mem 0xfed19000-0xfed19fff] has been reserved
[    0.148935] system 00:07: [mem 0xf8000000-0xfbffffff] has been reserved
[    0.148936] system 00:07: [mem 0xfed20000-0xfed3ffff] has been reserved
[    0.148937] system 00:07: [mem 0xfed90000-0xfed93fff] could not be reserved
[    0.148938] system 00:07: [mem 0xfed45000-0xfed8ffff] has been reserved
[    0.148939] system 00:07: [mem 0xff000000-0xffffffff] has been reserved
[    0.148940] system 00:07: [mem 0xfee00000-0xfeefffff] could not be reserved
[    0.148942] system 00:07: [mem 0xf7fef000-0xf7feffff] has been reserved
[    0.148943] system 00:07: [mem 0xf7ff0000-0xf7ff0fff] has been reserved
[    0.148944] system 00:07: Plug and Play ACPI device, IDs PNP0c02 (active)
[    0.149103] pnp: PnP ACPI: found 8 devices
[    0.154769] clocksource: acpi_pm: mask: 0xffffff max_cycles: 0xffffff, max_idle_ns: 2085701024 ns
[    0.154782] pci 0000:00:1c.0: bridge window [io  0x1000-0x0fff] to [bus 02] add_size 1000
[    0.154784] pci 0000:00:1c.0: bridge window [mem 0x00100000-0x000fffff 64bit pref] to [bus 02] add_size 200000 add_align 100000
[    0.154786] pci 0000:00:1c.0: bridge window [mem 0x00100000-0x000fffff] to [bus 02] add_size 200000 add_align 100000
[    0.154808] pci 0000:00:1c.0: res[14]=[mem 0x00100000-0x000fffff] res_to_dev_res add_size 200000 min_align 100000
[    0.154809] pci 0000:00:1c.0: res[14]=[mem 0x00100000-0x002fffff] res_to_dev_res add_size 200000 min_align 100000
[    0.154810] pci 0000:00:1c.0: res[15]=[mem 0x00100000-0x000fffff 64bit pref] res_to_dev_res add_size 200000 min_align 100000
[    0.154811] pci 0000:00:1c.0: res[15]=[mem 0x00100000-0x002fffff 64bit pref] res_to_dev_res add_size 200000 min_align 100000
[    0.154813] pci 0000:00:1c.0: res[13]=[io  0x1000-0x0fff] res_to_dev_res add_size 1000 min_align 1000
[    0.154814] pci 0000:00:1c.0: res[13]=[io  0x1000-0x1fff] res_to_dev_res add_size 1000 min_align 1000
[    0.154817] pci 0000:00:1c.0: BAR 14: assigned [mem 0xdf200000-0xdf3fffff]
[    0.154822] pci 0000:00:1c.0: BAR 15: assigned [mem 0xdf400000-0xdf5fffff 64bit pref]
[    0.154824] pci 0000:00:1c.0: BAR 13: assigned [io  0x2000-0x2fff]
[    0.154825] pci 0000:00:01.0: PCI bridge to [bus 01]
[    0.154830] pci 0000:00:1c.0: PCI bridge to [bus 02]
[    0.154832] pci 0000:00:1c.0:   bridge window [io  0x2000-0x2fff]
[    0.154835] pci 0000:00:1c.0:   bridge window [mem 0xdf200000-0xdf3fffff]
[    0.154838] pci 0000:00:1c.0:   bridge window [mem 0xdf400000-0xdf5fffff 64bit pref]
[    0.154842] pci 0000:00:1c.2: PCI bridge to [bus 03]
[    0.154844] pci 0000:00:1c.2:   bridge window [io  0xe000-0xefff]
[    0.154847] pci 0000:00:1c.2:   bridge window [mem 0xf7c00000-0xf7cfffff]
[    0.154850] pci 0000:00:1c.2:   bridge window [mem 0xf0000000-0xf00fffff 64bit pref]
[    0.154854] pci 0000:04:00.0: PCI bridge to [bus 05]
[    0.154870] pci 0000:00:1c.3: PCI bridge to [bus 04-05]
[    0.154878] pci_bus 0000:00: resource 4 [io  0x0000-0x0cf7 window]
[    0.154880] pci_bus 0000:00: resource 5 [io  0x0d00-0xffff window]
[    0.154881] pci_bus 0000:00: resource 6 [mem 0x000a0000-0x000bffff window]
[    0.154882] pci_bus 0000:00: resource 7 [mem 0x000d0000-0x000d3fff window]
[    0.154882] pci_bus 0000:00: resource 8 [mem 0x000d4000-0x000d7fff window]
[    0.154883] pci_bus 0000:00: resource 9 [mem 0x000d8000-0x000dbfff window]
[    0.154884] pci_bus 0000:00: resource 10 [mem 0x000dc000-0x000dffff window]
[    0.154885] pci_bus 0000:00: resource 11 [mem 0x000e0000-0x000e3fff window]
[    0.154886] pci_bus 0000:00: resource 12 [mem 0x000e4000-0x000e7fff window]
[    0.154887] pci_bus 0000:00: resource 13 [mem 0xdf200000-0xfeafffff window]
[    0.154889] pci_bus 0000:02: resource 0 [io  0x2000-0x2fff]
[    0.154889] pci_bus 0000:02: resource 1 [mem 0xdf200000-0xdf3fffff]
[    0.154890] pci_bus 0000:02: resource 2 [mem 0xdf400000-0xdf5fffff 64bit pref]
[    0.154891] pci_bus 0000:03: resource 0 [io  0xe000-0xefff]
[    0.154892] pci_bus 0000:03: resource 1 [mem 0xf7c00000-0xf7cfffff]
[    0.154893] pci_bus 0000:03: resource 2 [mem 0xf0000000-0xf00fffff 64bit pref]
[    0.154894] pci_bus 0000:04: resource 4 [io  0x0000-0x0cf7 window]
[    0.154895] pci_bus 0000:04: resource 5 [io  0x0d00-0xffff window]
[    0.154896] pci_bus 0000:04: resource 6 [mem 0x000a0000-0x000bffff window]
[    0.154897] pci_bus 0000:04: resource 7 [mem 0x000d0000-0x000d3fff window]
[    0.154898] pci_bus 0000:04: resource 8 [mem 0x000d4000-0x000d7fff window]
[    0.154899] pci_bus 0000:04: resource 9 [mem 0x000d8000-0x000dbfff window]
[    0.154900] pci_bus 0000:04: resource 10 [mem 0x000dc000-0x000dffff window]
[    0.154901] pci_bus 0000:04: resource 11 [mem 0x000e0000-0x000e3fff window]
[    0.154902] pci_bus 0000:04: resource 12 [mem 0x000e4000-0x000e7fff window]
[    0.154903] pci_bus 0000:04: resource 13 [mem 0xdf200000-0xfeafffff window]
[    0.154904] pci_bus 0000:05: resource 4 [io  0x0000-0x0cf7 window]
[    0.154905] pci_bus 0000:05: resource 5 [io  0x0d00-0xffff window]
[    0.154906] pci_bus 0000:05: resource 6 [mem 0x000a0000-0x000bffff window]
[    0.154907] pci_bus 0000:05: resource 7 [mem 0x000d0000-0x000d3fff window]
[    0.154908] pci_bus 0000:05: resource 8 [mem 0x000d4000-0x000d7fff window]
[    0.154909] pci_bus 0000:05: resource 9 [mem 0x000d8000-0x000dbfff window]
[    0.154910] pci_bus 0000:05: resource 10 [mem 0x000dc000-0x000dffff window]
[    0.154911] pci_bus 0000:05: resource 11 [mem 0x000e0000-0x000e3fff window]
[    0.154912] pci_bus 0000:05: resource 12 [mem 0x000e4000-0x000e7fff window]
[    0.154913] pci_bus 0000:05: resource 13 [mem 0xdf200000-0xfeafffff window]
[    0.154934] NET: Registered protocol family 2
[    0.155035] TCP established hash table entries: 65536 (order: 7, 524288 bytes)
[    0.155120] TCP bind hash table entries: 65536 (order: 8, 1048576 bytes)
[    0.155220] TCP: Hash tables configured (established 65536 bind 65536)
[    0.155237] UDP hash table entries: 4096 (order: 5, 131072 bytes)
[    0.155256] UDP-Lite hash table entries: 4096 (order: 5, 131072 bytes)
[    0.155295] NET: Registered protocol family 1
[    0.155306] pci 0000:00:02.0: Video device with shadowed ROM
[    0.192258] PCI: CLS 64 bytes, default 64
[    0.192292] Trying to unpack rootfs image as initramfs...
[    0.422253] Freeing initrd memory: 21024K (ffff8800356e0000 - ffff880036b68000)
[    0.422273] PCI-DMA: Using software bounce buffering for IO (SWIOTLB)
[    0.422275] software IO TLB [mem 0xc86b6000-0xcc6b6000] (64MB) mapped at [ffff8800c86b6000-ffff8800cc6b5fff]
[    0.422317] RAPL PMU detected, API unit is 2^-32 Joules, 4 fixed counters 655360 ms ovfl timer
[    0.422318] hw unit of domain pp0-core 2^-14 Joules
[    0.422319] hw unit of domain package 2^-14 Joules
[    0.422320] hw unit of domain dram 2^-14 Joules
[    0.422320] hw unit of domain pp1-gpu 2^-14 Joules
[    0.422430] Scanning for low memory corruption every 60 seconds
[    0.422656] futex hash table entries: 1024 (order: 4, 65536 bytes)
[    0.422674] audit: initializing netlink subsys (disabled)
[    0.422684] audit: type=2000 audit(1490345734.420:1): initialized
[    0.423005] Initialise system trusted keyring
[    0.423079] HugeTLB registered 1 GB page size, pre-allocated 0 pages
[    0.423080] HugeTLB registered 2 MB page size, pre-allocated 0 pages
[    0.424072] zbud: loaded
[    0.424223] VFS: Disk quotas dquot_6.6.0
[    0.424246] VFS: Dquot-cache hash table entries: 512 (order 0, 4096 bytes)
[    0.424419] squashfs: version 4.0 (2009/01/31) Phillip Lougher
[    0.424571] fuse init (API version 7.23)
[    0.424654] Key type big_key registered
[    0.424667] Allocating IMA MOK and blacklist keyrings.
[    0.424917] Key type asymmetric registered
[    0.424920] Asymmetric key parser 'x509' registered
[    0.424944] Block layer SCSI generic (bsg) driver version 0.4 loaded (major 249)
[    0.424964] io scheduler noop registered
[    0.424967] io scheduler deadline registered (default)
[    0.424986] io scheduler cfq registered
[    0.425300] pci_hotplug: PCI Hot Plug PCI Core version: 0.5
[    0.425304] pciehp: PCI Express Hot Plug Controller Driver version: 0.4
[    0.425326] intel_idle: MWAIT substates: 0x42120
[    0.425326] intel_idle: v0.4.1 model 0x3C
[    0.425327] intel_idle: lapic_timer_reliable_states 0xffffffff
[    0.425488] input: Power Button as /devices/LNXSYSTM:00/LNXSYBUS:00/PNP0C0C:00/input/input0
[    0.425490] ACPI: Power Button [PWRB]
[    0.425516] input: Power Button as /devices/LNXSYSTM:00/LNXPWRBN:00/input/input1
[    0.425517] ACPI: Power Button [PWRF]
[    0.425961] thermal LNXTHERM:00: registered as thermal_zone0
[    0.425963] ACPI: Thermal Zone [TZ00] (28 C)
[    0.426094] thermal LNXTHERM:01: registered as thermal_zone1
[    0.426095] ACPI: Thermal Zone [TZ01] (30 C)
[    0.426127] GHES: HEST is not enabled!
[    0.426194] Serial: 8250/16550 driver, 32 ports, IRQ sharing enabled
[    0.446566] 00:06: ttyS0 at I/O 0x3f8 (irq = 4, base_baud = 115200) is a 16550A
[    0.447617] Linux agpgart interface v0.103
[    0.449333] brd: module loaded
[    0.450112] loop: module loaded
[    0.450249] libphy: Fixed MDIO Bus: probed
[    0.450251] tun: Universal TUN/TAP device driver, 1.6
[    0.450252] tun: (C) 1999-2004 Max Krasnyansky <maxk@qualcomm.com>
[    0.450277] PPP generic driver version 2.4.2
[    0.450316] ehci_hcd: USB 2.0 'Enhanced' Host Controller (EHCI) Driver
[    0.450319] ehci-pci: EHCI PCI platform driver
[    0.450395] ehci-pci 0000:00:1a.0: EHCI Host Controller
[    0.450399] ehci-pci 0000:00:1a.0: new USB bus registered, assigned bus number 1
[    0.450407] ehci-pci 0000:00:1a.0: debug port 2
[    0.454303] ehci-pci 0000:00:1a.0: cache line size of 64 is not supported
[    0.454314] ehci-pci 0000:00:1a.0: irq 20, io mem 0xf7d1c000
[    0.468234] ehci-pci 0000:00:1a.0: USB 2.0 started, EHCI 1.00
[    0.468266] usb usb1: New USB device found, idVendor=1d6b, idProduct=0002
[    0.468267] usb usb1: New USB device strings: Mfr=3, Product=2, SerialNumber=1
[    0.468269] usb usb1: Product: EHCI Host Controller
[    0.468270] usb usb1: Manufacturer: Linux 4.4.0-45-generic ehci_hcd
[    0.468270] usb usb1: SerialNumber: 0000:00:1a.0
[    0.468423] hub 1-0:1.0: USB hub found
[    0.468427] hub 1-0:1.0: 2 ports detected
[    0.468564] ehci-pci 0000:00:1d.0: EHCI Host Controller
[    0.468568] ehci-pci 0000:00:1d.0: new USB bus registered, assigned bus number 2
[    0.468576] ehci-pci 0000:00:1d.0: debug port 2
[    0.472461] ehci-pci 0000:00:1d.0: cache line size of 64 is not supported
[    0.472470] ehci-pci 0000:00:1d.0: irq 23, io mem 0xf7d1b000
[    0.484228] ehci-pci 0000:00:1d.0: USB 2.0 started, EHCI 1.00
[    0.484258] usb usb2: New USB device found, idVendor=1d6b, idProduct=0002
[    0.484260] usb usb2: New USB device strings: Mfr=3, Product=2, SerialNumber=1
[    0.484261] usb usb2: Product: EHCI Host Controller
[    0.484262] usb usb2: Manufacturer: Linux 4.4.0-45-generic ehci_hcd
[    0.484263] usb usb2: SerialNumber: 0000:00:1d.0
[    0.484409] hub 2-0:1.0: USB hub found
[    0.484413] hub 2-0:1.0: 2 ports detected
[    0.484494] ehci-platform: EHCI generic platform driver
[    0.484503] ohci_hcd: USB 1.1 'Open' Host Controller (OHCI) Driver
[    0.484507] ohci-pci: OHCI PCI platform driver
[    0.484514] ohci-platform: OHCI generic platform driver
[    0.484520] uhci_hcd: USB Universal Host Controller Interface driver
[    0.484592] xhci_hcd 0000:00:14.0: xHCI Host Controller
[    0.484595] xhci_hcd 0000:00:14.0: new USB bus registered, assigned bus number 3
[    0.485654] xhci_hcd 0000:00:14.0: hcc params 0x200077c1 hci version 0x100 quirks 0x00009810
[    0.485657] xhci_hcd 0000:00:14.0: cache line size of 64 is not supported
[    0.485711] usb usb3: New USB device found, idVendor=1d6b, idProduct=0002
[    0.485712] usb usb3: New USB device strings: Mfr=3, Product=2, SerialNumber=1
[    0.485713] usb usb3: Product: xHCI Host Controller
[    0.485714] usb usb3: Manufacturer: Linux 4.4.0-45-generic xhci-hcd
[    0.485715] usb usb3: SerialNumber: 0000:00:14.0
[    0.485863] hub 3-0:1.0: USB hub found
[    0.485875] hub 3-0:1.0: 14 ports detected
[    0.487420] xhci_hcd 0000:00:14.0: xHCI Host Controller
[    0.487423] xhci_hcd 0000:00:14.0: new USB bus registered, assigned bus number 4
[    0.487440] usb usb4: New USB device found, idVendor=1d6b, idProduct=0003
[    0.487441] usb usb4: New USB device strings: Mfr=3, Product=2, SerialNumber=1
[    0.487442] usb usb4: Product: xHCI Host Controller
[    0.487443] usb usb4: Manufacturer: Linux 4.4.0-45-generic xhci-hcd
[    0.487444] usb usb4: SerialNumber: 0000:00:14.0
[    0.487571] hub 4-0:1.0: USB hub found
[    0.487578] hub 4-0:1.0: 6 ports detected
[    0.488263] i8042: PNP: No PS/2 controller found. Probing ports directly.
[    0.490578] serio: i8042 KBD port at 0x60,0x64 irq 1
[    0.490582] serio: i8042 AUX port at 0x60,0x64 irq 12
[    0.490823] mousedev: PS/2 mouse device common for all mice
[    0.490969] rtc_cmos 00:02: RTC can wake from S4
[    0.491150] rtc_cmos 00:02: rtc core: registered rtc_cmos as rtc0
[    0.491175] rtc_cmos 00:02: alarms up to one month, y3k, 242 bytes nvram, hpet irqs
[    0.491183] i2c /dev entries driver
[    0.491218] device-mapper: uevent: version 1.0.3
[    0.491329] device-mapper: ioctl: 4.34.0-ioctl (2015-10-28) initialised: dm-devel@redhat.com
[    0.491339] Intel P-state driver initializing.
[    0.491483] ledtrig-cpu: registered to indicate activity on CPUs
[    0.492582] NET: Registered protocol family 10
[    0.492985] NET: Registered protocol family 17
[    0.493008] Key type dns_resolver registered
[    0.493581] microcode: CPU0 sig=0x306c3, pf=0x2, revision=0x9
[    0.493623] microcode: CPU1 sig=0x306c3, pf=0x2, revision=0x9
[    0.493639] microcode: CPU2 sig=0x306c3, pf=0x2, revision=0x9
[    0.493681] microcode: CPU3 sig=0x306c3, pf=0x2, revision=0x9
[    0.493816] microcode: Microcode Update Driver: v2.01 <tigran@aivazian.fsnet.co.uk>, Peter Oruba
[    0.494216] registered taskstats version 1
[    0.494265] Loading compiled-in X.509 certificates
[    0.496311] Loaded X.509 cert 'Build time autogenerated kernel key: 16f5aa9bdefc43fb3d1d6c022c682b095acf041f'
[    0.496325] zswap: loaded using pool lzo/zbud
[    0.497868] Key type trusted registered
[    0.500795] Key type encrypted registered
[    0.500813] AppArmor: AppArmor sha1 policy hashing enabled
[    0.500827] ima: No TPM chip found, activating TPM-bypass!
[    0.500839] evm: HMAC attrs: 0x1
[    0.501259]   Magic number: 9:522:928
[    0.501376] rtc_cmos 00:02: setting system clock to 2017-03-24 08:55:34 UTC (1490345734)
[    0.501495] BIOS EDD facility v0.16 2004-Jun-25, 0 devices found
[    0.501495] EDD information not available.
[    0.501550] PM: Hibernation image not present or could not be loaded.
[    0.502158] Freeing unused kernel memory: 1488K (ffffffff81f45000 - ffffffff820b9000)
[    0.502159] Write protecting the kernel read-only data: 14336k
[    0.502509] Freeing unused kernel memory: 2040K (ffff880001802000 - ffff880001a00000)
[    0.502741] Freeing unused kernel memory: 132K (ffff880001ddf000 - ffff880001e00000)
[    0.509269] systemd-udevd[134]: starting version 204
[    0.515716] FUJITSU Extended Socket Network Device Driver - version 1.0 - Copyright (c) 2015 FUJITSU LIMITED
[    0.521190] r8169 Gigabit Ethernet driver 2.3LK-NAPI loaded
[    0.521196] r8169 0000:03:00.0: can't disable ASPM; OS doesn't have ASPM control
[    0.521274] ahci 0000:00:1f.2: version 3.0
[    0.521405] ahci 0000:00:1f.2: AHCI 0001.0300 32 slots 6 ports 6 Gbps 0x5 impl SATA mode
[    0.521407] ahci 0000:00:1f.2: flags: 64bit ncq led clo pio slum part ems apst 
[    0.529079] r8169 0000:03:00.0 eth0: RTL8168g/8111g at 0xffffc90000c74000, d8:50:e6:42:06:94, XID 0c000800 IRQ 29
[    0.529082] r8169 0000:03:00.0 eth0: jumbo features [frames: 9200 bytes, tx checksumming: ko]
[    0.529702] scsi host0: ahci
[    0.532322] scsi host1: ahci
[    0.532396] scsi host2: ahci
[    0.532458] scsi host3: ahci
[    0.532529] scsi host4: ahci
[    0.532605] scsi host5: ahci
[    0.532650] ata1: SATA max UDMA/133 abar m2048@0xf7d1a000 port 0xf7d1a100 irq 28
[    0.532651] ata2: DUMMY
[    0.532653] ata3: SATA max UDMA/133 abar m2048@0xf7d1a000 port 0xf7d1a200 irq 28
[    0.532653] ata4: DUMMY
[    0.532654] ata5: DUMMY
[    0.532655] ata6: DUMMY
[    0.780227] usb 1-1: new high-speed USB device number 2 using ehci-pci
[    0.796219] usb 3-3: new low-speed USB device number 2 using xhci_hcd
[    0.796225] usb 2-1: new high-speed USB device number 2 using ehci-pci
[    0.852235] ata1: SATA link up 6.0 Gbps (SStatus 133 SControl 300)
[    0.864217] ata1.00: ATA-8: KINGSTON SVP200S37A60G, 502ABBF0, max UDMA/133
[    0.864219] ata1.00: 117231408 sectors, multi 16: LBA48 NCQ (depth 31/32), AA
[    0.873993] ata1.00: configured for UDMA/133
[    0.874188] scsi 0:0:0:0: Direct-Access     ATA      KINGSTON SVP200S BBF0 PQ: 0 ANSI: 5
[    0.874445] sd 0:0:0:0: [sda] 117231408 512-byte logical blocks: (60.0 GB/55.9 GiB)
[    0.874461] sd 0:0:0:0: Attached scsi generic sg0 type 0
[    0.874463] sd 0:0:0:0: [sda] Write Protect is off
[    0.874465] sd 0:0:0:0: [sda] Mode Sense: 00 3a 00 00
[    0.874471] sd 0:0:0:0: [sda] Write cache: enabled, read cache: enabled, doesn't support DPO or FUA
[    0.874852]  sda: sda1 sda2 < sda5 >
[    0.875241] sd 0:0:0:0: [sda] Attached SCSI disk
[    0.908238] ata3: SATA link up 3.0 Gbps (SStatus 123 SControl 300)
[    0.912018] ACPI Error: [DSSP] Namespace lookup failure, AE_NOT_FOUND (20150930/psargs-359)
[    0.912022] ACPI Error: Method parse/execution failed [\_SB.PCI0.SAT0.SPT2._GTF] (Node ffff8802174d8000), AE_NOT_FOUND (20150930/psparse-542)
[    0.912501] usb 1-1: New USB device found, idVendor=8087, idProduct=8008
[    0.912503] usb 1-1: New USB device strings: Mfr=0, Product=0, SerialNumber=0
[    0.912765] hub 1-1:1.0: USB hub found
[    0.912875] hub 1-1:1.0: 6 ports detected
[    0.913011] ata3.00: ATA-8: WDC WD2001FASS-00W2B0, 01.00101, max UDMA/133
[    0.913013] ata3.00: 3907029168 sectors, multi 16: LBA48 NCQ (depth 31/32), AA
[    0.916853] ACPI Error: [DSSP] Namespace lookup failure, AE_NOT_FOUND (20150930/psargs-359)
[    0.916857] ACPI Error: Method parse/execution failed [\_SB.PCI0.SAT0.SPT2._GTF] (Node ffff8802174d8000), AE_NOT_FOUND (20150930/psparse-542)
[    0.917007] ata3.00: configured for UDMA/133
[    0.917149] scsi 2:0:0:0: Direct-Access     ATA      WDC WD2001FASS-0 0101 PQ: 0 ANSI: 5
[    0.917244] sd 2:0:0:0: [sdb] 3907029168 512-byte logical blocks: (2.00 TB/1.82 TiB)
[    0.917257] sd 2:0:0:0: Attached scsi generic sg1 type 0
[    0.917257] sd 2:0:0:0: [sdb] Write Protect is off
[    0.917259] sd 2:0:0:0: [sdb] Mode Sense: 00 3a 00 00
[    0.917264] sd 2:0:0:0: [sdb] Write cache: enabled, read cache: enabled, doesn't support DPO or FUA
[    0.928626] usb 2-1: New USB device found, idVendor=8087, idProduct=8000
[    0.928628] usb 2-1: New USB device strings: Mfr=0, Product=0, SerialNumber=0
[    0.928910] hub 2-1:1.0: USB hub found
[    0.928999] hub 2-1:1.0: 8 ports detected
[    0.940238]  sdb: sdb1
[    0.940413] sd 2:0:0:0: [sdb] Attached SCSI disk
[    0.972870] EXT4-fs (sda1): INFO: recovery required on readonly filesystem
[    0.972872] EXT4-fs (sda1): write access will be enabled during recovery
[    1.002087] usb 3-3: New USB device found, idVendor=0458, idProduct=0708
[    1.002089] usb 3-3: New USB device strings: Mfr=1, Product=2, SerialNumber=0
[    1.002090] usb 3-3: Product: Multimedia Keyboard
[    1.002091] usb 3-3: Manufacturer: Genius
[    1.002185] usb 3-3: ep 0x81 - rounding interval to 64 microframes, ep desc says 80 microframes
[    1.002188] usb 3-3: ep 0x82 - rounding interval to 64 microframes, ep desc says 80 microframes
[    1.005185] hidraw: raw HID events driver (C) Jiri Kosina
[    1.019443] EXT4-fs (sda1): orphan cleanup on readonly fs
[    1.019485] EXT4-fs (sda1): 1 orphan inode deleted
[    1.019486] EXT4-fs (sda1): recovery complete
[    1.021782] EXT4-fs (sda1): mounted filesystem with ordered data mode. Opts: (null)
[    1.028228] usbcore: registered new interface driver usbhid
[    1.028230] usbhid: USB HID core driver
[    1.099687] random: init: uninitialized urandom read (12 bytes read, 38 bits of entropy available)
[    1.112202] usb 3-4: new low-speed USB device number 3 using xhci_hcd
[    1.118100] init: plymouth-upstart-bridge main process (218) terminated with status 1
[    1.118106] init: plymouth-upstart-bridge main process ended, respawning
[    1.119650] init: plymouth-upstart-bridge main process (229) terminated with status 1
[    1.119657] init: plymouth-upstart-bridge main process ended, respawning
[    1.120754] init: plymouth-upstart-bridge main process (231) terminated with status 1
[    1.120761] init: plymouth-upstart-bridge main process ended, respawning
[    1.122292] init: plymouth-upstart-bridge main process (232) terminated with status 1
[    1.122298] init: plymouth-upstart-bridge main process ended, respawning
[    1.123903] init: plymouth-upstart-bridge main process (234) terminated with status 1
[    1.123909] init: plymouth-upstart-bridge main process ended, respawning
[    1.125257] init: plymouth-upstart-bridge main process (236) terminated with status 1
[    1.125263] init: plymouth-upstart-bridge main process ended, respawning
[    1.126612] init: plymouth-upstart-bridge main process (238) terminated with status 1
[    1.126618] init: plymouth-upstart-bridge main process ended, respawning
[    1.170696] random: mountall: uninitialized urandom read (12 bytes read, 42 bits of entropy available)
[    1.201283] Adding 8058876k swap on /dev/sda5.  Priority:-1 extents:1 across:8058876k SSFS
[    1.209180] random: cgmanager: uninitialized urandom read (12 bytes read, 44 bits of entropy available)
[    1.239757] EXT4-fs (sda1): re-mounted. Opts: errors=remount-ro
[    1.248209] usb 3-4: New USB device found, idVendor=046d, idProduct=c05a
[    1.248212] usb 3-4: New USB device strings: Mfr=1, Product=2, SerialNumber=0
[    1.248213] usb 3-4: Product: USB Optical Mouse
[    1.248214] usb 3-4: Manufacturer: Logitech
[    1.248278] usb 3-4: ep 0x81 - rounding interval to 64 microframes, ep desc says 80 microframes
[    1.308640] systemd-udevd[455]: starting version 204
[    1.322771] random: lsb_release: uninitialized urandom read (24 bytes read, 51 bits of entropy available)
[    1.326091] FS-Cache: Loaded
[    1.338721] lp: driver loaded but no devices found
[    1.347017] ppdev: user-space parallel port driver
[    1.352712] FS-Cache: Netfs 'cifs' registered for caching
[    1.352781] Key type cifs.spnego registered
[    1.352786] Key type cifs.idmap registered
[    1.353874] shpchp: Standard Hot Plug PCI Controller Driver version: 0.4
[    1.354775] CIFS VFS: Error connecting to socket. Aborting operation.
[    1.355063] CIFS VFS: cifs_mount failed w/return code = -101
[    1.355205] CIFS VFS: Error connecting to socket. Aborting operation.
[    1.356810] CIFS VFS: cifs_mount failed w/return code = -101
[    1.358861] CIFS VFS: Error connecting to socket. Aborting operation.
[    1.358978] CIFS VFS: cifs_mount failed w/return code = -101
[    1.374708] random: click: uninitialized urandom read (24 bytes read, 54 bits of entropy available)
[    1.375285] [drm] Initialized drm 1.1.0 20060810
[    1.385380] wmi: Mapper loaded
[    1.414256] random: dbus-daemon: uninitialized urandom read (12 bytes read, 55 bits of entropy available)
[    1.415025] CIFS VFS: Error connecting to socket. Aborting operation.
[    1.415031] CIFS VFS: Error connecting to socket. Aborting operation.
[    1.415285] CIFS VFS: cifs_mount failed w/return code = -101
[    1.415553] CIFS VFS: cifs_mount failed w/return code = -101
[    1.416676] random: dbus-daemon: uninitialized urandom read (12 bytes read, 55 bits of entropy available)
[    1.416712] usb 3-13: new high-speed USB device number 4 using xhci_hcd
[    1.420231] tsc: Refined TSC clocksource calibration: 3092.837 MHz
[    1.420234] clocksource: tsc: mask: 0xffffffffffffffff max_cycles: 0x2c94d933972, max_idle_ns: 440795249834 ns
[    1.445745] [drm] Memory usable by graphics device = 2048M
[    1.445748] [drm] Replacing VGA console driver
[    1.446322] Console: switching to colour dummy device 80x25
[    1.457261] [drm] Supports vblank timestamp caching Rev 2 (21.10.2013).
[    1.457263] [drm] Driver supports precise vblank timestamp query.
[    1.458394] vgaarb: device changed decodes: PCI:0000:00:02.0,olddecodes=io+mem,decodes=io+mem:owns=io+mem
[    1.470332] AVX2 version of gcm_enc/dec engaged.
[    1.470334] AES CTR mode by8 optimization enabled
[    1.481939] random: mktemp: uninitialized urandom read (10 bytes read, 64 bits of entropy available)
[    1.497429] random: click: uninitialized urandom read (2500 bytes read, 66 bits of entropy available)
[    1.505076] audit: type=1400 audit(1490338535.501:2): apparmor="STATUS" operation="profile_load" profile="unconfined" name="/sbin/dhclient" pid=645 comm="apparmor_parser"
[    1.505080] audit: type=1400 audit(1490338535.501:3): apparmor="STATUS" operation="profile_load" profile="unconfined" name="/usr/lib/NetworkManager/nm-dhcp-client.action" pid=645 comm="apparmor_parser"
[    1.505083] audit: type=1400 audit(1490338535.501:4): apparmor="STATUS" operation="profile_load" profile="unconfined" name="/usr/lib/connman/scripts/dhclient-script" pid=645 comm="apparmor_parser"
[    1.505406] audit: type=1400 audit(1490338535.501:5): apparmor="STATUS" operation="profile_replace" profile="unconfined" name="/usr/lib/NetworkManager/nm-dhcp-client.action" pid=645 comm="apparmor_parser"
[    1.505410] audit: type=1400 audit(1490338535.501:6): apparmor="STATUS" operation="profile_replace" profile="unconfined" name="/usr/lib/connman/scripts/dhclient-script" pid=645 comm="apparmor_parser"
[    1.505546] audit: type=1400 audit(1490338535.501:7): apparmor="STATUS" operation="profile_replace" profile="unconfined" name="/usr/lib/connman/scripts/dhclient-script" pid=645 comm="apparmor_parser"
[    1.511588] audit: type=1400 audit(1490338535.505:8): apparmor="STATUS" operation="profile_load" profile="unconfined" name="/usr/sbin/ntpd" pid=660 comm="apparmor_parser"
[    1.524234] audit: type=1400 audit(1490338535.521:9): apparmor="STATUS" operation="profile_load" profile="unconfined" name="/usr/lib/cups/backend/cups-pdf" pid=700 comm="apparmor_parser"
[    1.524239] audit: type=1400 audit(1490338535.521:10): apparmor="STATUS" operation="profile_load" profile="unconfined" name="/usr/sbin/cupsd" pid=700 comm="apparmor_parser"
[    1.544300] usb 3-13: New USB device found, idVendor=0424, idProduct=2514
[    1.544303] usb 3-13: New USB device strings: Mfr=0, Product=0, SerialNumber=0
[    1.544644] hub 3-13:1.0: USB hub found
[    1.544698] hub 3-13:1.0: 4 ports detected
[    1.562376] Bluetooth: Core ver 2.21
[    1.562388] NET: Registered protocol family 31
[    1.562389] Bluetooth: HCI device and connection manager initialized
[    1.562392] Bluetooth: HCI socket layer initialized
[    1.562393] Bluetooth: L2CAP socket layer initialized
[    1.562397] Bluetooth: SCO socket layer initialized
[    1.566727] intel_rapl: Found RAPL domain package
[    1.566730] intel_rapl: Found RAPL domain core
[    1.566732] intel_rapl: Found RAPL domain uncore
[    1.566733] intel_rapl: Found RAPL domain dram
[    1.571305] random: avahi-daemon: uninitialized urandom read (4 bytes read, 72 bits of entropy available)
[    1.573549] Bluetooth: BNEP (Ethernet Emulation) ver 1.3
[    1.573551] Bluetooth: BNEP filters: protocol multicast
[    1.573554] Bluetooth: BNEP socket layer initialized
[    1.574864] Bluetooth: RFCOMM TTY layer initialized
[    1.574869] Bluetooth: RFCOMM socket layer initialized
[    1.574875] Bluetooth: RFCOMM ver 1.11
[    1.589980] init: cups main process (701) killed by HUP signal
[    1.589987] init: cups main process ended, respawning
[    1.636484] asus_wmi: ASUS WMI generic driver loaded
[    1.637505] asus_wmi: Initialization: 0x0
[    1.637520] asus_wmi: BIOS WMI version: 0.9
[    1.637543] asus_wmi: SFUN value: 0x0
[    1.637739] input: Eee PC WMI hotkeys as /devices/platform/eeepc-wmi/input/input5
[    1.637800] asus_wmi: Number of fans: 1
[    1.647129] input: Genius Multimedia Keyboard as /devices/pci0000:00/0000:00:14.0/usb3/3-3/3-3:1.0/0003:0458:0708.0001/input/input6
[    1.676587] init: failsafe main process (808) killed by TERM signal
[    1.700375] hid-generic 0003:0458:0708.0001: input,hidraw0: USB HID v1.11 Keyboard [Genius Multimedia Keyboard] on usb-0000:00:14.0-3/input0
[    1.701094] input: Genius Multimedia Keyboard as /devices/pci0000:00/0000:00:14.0/usb3/3-3/3-3:1.1/0003:0458:0708.0002/input/input7
[    1.756396] hid-generic 0003:0458:0708.0002: input,hiddev0,hidraw1: USB HID v1.11 Device [Genius Multimedia Keyboard] on usb-0000:00:14.0-3/input1
[    1.756486] input: Logitech USB Optical Mouse as /devices/pci0000:00/0000:00:14.0/usb3/3-4/3-4:1.0/0003:046D:C05A.0003/input/input8
[    1.757078] hid-generic 0003:046D:C05A.0003: input,hidraw2: USB HID v1.11 Mouse [Logitech USB Optical Mouse] on usb-0000:00:14.0-4/input0
[    1.792805] fbcon: inteldrmfb (fb0) is primary device
[    1.794078] ACPI: Video Device [GFX0] (multi-head: yes  rom: no  post: no)
[    1.794175] input: Video Bus as /devices/LNXSYSTM:00/LNXSYBUS:00/PNP0A08:00/LNXVIDEO:00/input/input9
[    1.794314] [drm] Initialized i915 1.6.0 20151010 for 0000:00:02.0 on minor 0
[    1.816222] usb 3-13.4: new high-speed USB device number 5 using xhci_hcd
[    1.827863] snd_hda_codec_realtek hdaudioC1D0: autoconfig for ALC887-VD: line_outs=1 (0x14/0x0/0x0/0x0/0x0) type:line
[    1.827864] snd_hda_codec_realtek hdaudioC1D0:    speaker_outs=0 (0x0/0x0/0x0/0x0/0x0)
[    1.827865] snd_hda_codec_realtek hdaudioC1D0:    hp_outs=1 (0x1b/0x0/0x0/0x0/0x0)
[    1.827865] snd_hda_codec_realtek hdaudioC1D0:    mono: mono_out=0x0
[    1.827866] snd_hda_codec_realtek hdaudioC1D0:    dig-out=0x11/0x0
[    1.827866] snd_hda_codec_realtek hdaudioC1D0:    inputs:
[    1.827867] snd_hda_codec_realtek hdaudioC1D0:      Front Mic=0x19
[    1.827868] snd_hda_codec_realtek hdaudioC1D0:      Rear Mic=0x18
[    1.827869] snd_hda_codec_realtek hdaudioC1D0:      Line=0x1a
[    1.838906] input: HDA Intel PCH Front Mic as /devices/pci0000:00/0000:00:1b.0/sound/card1/input10
[    1.838969] input: HDA Intel PCH Rear Mic as /devices/pci0000:00/0000:00:1b.0/sound/card1/input11
[    1.839024] input: HDA Intel PCH Line as /devices/pci0000:00/0000:00:1b.0/sound/card1/input12
[    1.839212] input: HDA Intel PCH Line Out as /devices/pci0000:00/0000:00:1b.0/sound/card1/input13
[    1.839256] input: HDA Intel PCH Front Headphone as /devices/pci0000:00/0000:00:1b.0/sound/card1/input14
[    1.905196] usb 3-13.4: New USB device found, idVendor=04e8, idProduct=6860
[    1.905197] usb 3-13.4: New USB device strings: Mfr=1, Product=2, SerialNumber=3
[    1.905198] usb 3-13.4: Product: SAMSUNG_Android
[    1.905199] usb 3-13.4: Manufacturer: SAMSUNG
[    1.905199] usb 3-13.4: SerialNumber: 728ccce3
[    1.918864] cdc_acm 3-13.4:1.1: ttyACM0: USB ACM device
[    1.919039] usbcore: registered new interface driver cdc_acm
[    1.919039] cdc_acm: USB Abstract Control Model driver for USB modems and ISDN adapters
[    1.994716] r8169 0000:03:00.0 eth0: link down
[    1.994731] r8169 0000:03:00.0 eth0: link down
[    1.994764] IPv6: ADDRCONF(NETDEV_UP): eth0: link is not ready
[    2.036306] snd_hda_intel 0000:00:03.0: bound 0000:00:02.0 (ops i915_audio_component_bind_ops [i915])
[    2.036308] Console: switching to colour frame buffer device 160x64
[    2.038843] i915 0000:00:02.0: fb0: inteldrmfb frame buffer device
[    2.047263] input: HDA Intel HDMI HDMI/DP,pcm=3 as /devices/pci0000:00/0000:00:03.0/sound/card0/input15
[    2.302614] random: nonblocking pool is initialized
[    2.420306] clocksource: Switched to clocksource tsc
[    2.590969] ip_tables: (C) 2000-2006 Netfilter Core Team
[    2.598604] init: Failed to spawn vsftpd main process: unable to execute: No such file or directory
[    2.601784] bridge: automatic filtering via arp/ip/ip6tables has been deprecated. Update your scripts to load br_netfilter if you need this.
[    2.621100] nf_conntrack version 0.5.0 (65536 buckets, 262144 max)
[    2.922290] vboxdrv: module verification failed: signature and/or required key missing - tainting kernel
[    2.925010] vboxdrv: Found 4 processor cores
[    2.940367] vboxdrv: TSC mode is Invariant, tentative frequency 3092837136 Hz
[    2.940369] vboxdrv: Successfully loaded version 5.0.16 (interface 0x00240000)
[    3.092040] init: plymouth-upstart-bridge main process ended, respawning
[    3.095449] init: plymouth-upstart-bridge main process (1641) terminated with status 1
[    3.095456] init: plymouth-upstart-bridge main process ended, respawning
[    3.143396] VBoxNetFlt: Successfully started.
[    3.144786] VBoxNetAdp: Successfully started.
[    3.146198] VBoxPciLinuxInit
[    3.148029] vboxpci: IOMMU not found (not registered)
[    3.209184] init: plymouth-stop pre-start process (1732) terminated with status 1
[    3.750207] r8169 0000:03:00.0 eth0: link up
[    3.750213] IPv6: ADDRCONF(NETDEV_CHANGE): eth0: link becomes ready
[    4.815406] init: Failed to spawn vsftpd main process: unable to execute: No such file or directory
[    4.877597] aufs 4.x-rcN-20160111
[    4.883764] IPv6: ADDRCONF(NETDEV_UP): docker0: link is not ready
[   10.072908] [drm:intel_set_pch_fifo_underrun_reporting [i915]] *ERROR* uncleared pch fifo underrun on pch transcoder A
[   10.072924] [drm:intel_pch_fifo_underrun_irq_handler [i915]] *ERROR* PCH transcoder A FIFO underrun
[   10.088370] [drm:intel_set_cpu_fifo_underrun_reporting [i915]] *ERROR* uncleared fifo underrun on pipe B
[   10.088385] [drm:intel_cpu_fifo_underrun_irq_handler [i915]] *ERROR* CPU pipe B FIFO underrun
[   11.136384] cifs_vfs_err: 26 callbacks suppressed
[   11.136386] CIFS VFS: Error connecting to socket. Aborting operation.
[   11.136465] CIFS VFS: cifs_mount failed w/return code = -113
[   31.573985] audit_printk_skb: 207 callbacks suppressed
[   31.573987] audit: type=1400 audit(1490338565.566:80): apparmor="STATUS" operation="profile_replace" profile="unconfined" name="/usr/lib/cups/backend/cups-pdf" pid=2769 comm="apparmor_parser"
[   31.573992] audit: type=1400 audit(1490338565.566:81): apparmor="STATUS" operation="profile_replace" profile="unconfined" name="/usr/sbin/cupsd" pid=2769 comm="apparmor_parser"
[   31.574250] audit: type=1400 audit(1490338565.566:82): apparmor="STATUS" operation="profile_replace" profile="unconfined" name="/usr/sbin/cupsd" pid=2769 comm="apparmor_parser"
[  293.802795] usb 3-13.4: USB disconnect, device number 5
[  294.066157] usb 3-13.4: new high-speed USB device number 6 using xhci_hcd
[  294.155181] usb 3-13.4: New USB device found, idVendor=04e8, idProduct=6860
[  294.155183] usb 3-13.4: New USB device strings: Mfr=1, Product=2, SerialNumber=3
[  294.155184] usb 3-13.4: Product: SAMSUNG_Android
[  294.155185] usb 3-13.4: Manufacturer: SAMSUNG
[  294.155186] usb 3-13.4: SerialNumber: 728ccce3
[  401.932251] EXT4-fs (sdb1): mounted filesystem with ordered data mode. Opts: (null)
[  402.096823] systemd-hostnamed[4046]: Warning: nss-myhostname is not installed. Changing the local hostname might make it unresolveable. Please install nss-myhostname!
[  405.941605] CIFS VFS: Error connecting to socket. Aborting operation.
[  405.941742] CIFS VFS: cifs_mount failed w/return code = -113
[ 4060.535627] usb 3-6: new full-speed USB device number 7 using xhci_hcd
[ 4060.664480] usb 3-6: New USB device found, idVendor=23a0, idProduct=0001
[ 4060.664483] usb 3-6: New USB device strings: Mfr=1, Product=2, SerialNumber=3
[ 4060.664485] usb 3-6: Product: USB-Token iBank2key
[ 4060.664487] usb 3-6: Manufacturer: BIFIT
[ 4060.664488] usb 3-6: SerialNumber: 84ffc6608448753573054278
[ 4061.072658] xhci_hcd 0000:00:14.0: WARN Event TRB for slot 6 ep 4 with no TDs queued?
[ 4061.073172] xhci_hcd 0000:00:14.0: WARN Event TRB for slot 6 ep 4 with no TDs queued?
[ 4061.368550] xhci_hcd 0000:00:14.0: WARN Event TRB for slot 6 ep 4 with no TDs queued?
[ 4061.383127] xhci_hcd 0000:00:14.0: WARN Event TRB for slot 6 ep 4 with no TDs queued?
[ 4069.918922] xhci_hcd 0000:00:14.0: WARN Event TRB for slot 6 ep 4 with no TDs queued?
[ 4069.919098] xhci_hcd 0000:00:14.0: WARN Event TRB for slot 6 ep 4 with no TDs queued?
[ 4069.930232] xhci_hcd 0000:00:14.0: WARN Event TRB for slot 6 ep 4 with no TDs queued?
[ 4069.933321] xhci_hcd 0000:00:14.0: WARN Event TRB for slot 6 ep 4 with no TDs queued?
[ 4069.937418] xhci_hcd 0000:00:14.0: WARN Event TRB for slot 6 ep 4 with no TDs queued?
[ 4074.049625] xhci_hcd 0000:00:14.0: WARN Event TRB for slot 6 ep 4 with no TDs queued?
[ 4074.052448] xhci_hcd 0000:00:14.0: WARN Event TRB for slot 6 ep 4 with no TDs queued?
[ 4074.059623] xhci_hcd 0000:00:14.0: WARN Event TRB for slot 6 ep 4 with no TDs queued?
[ 4090.087499] usb 3-6: USB disconnect, device number 7
[ 4110.687224] usb 3-6: new full-speed USB device number 8 using xhci_hcd
[ 4110.818218] usb 3-6: New USB device found, idVendor=23a0, idProduct=0003
[ 4110.818221] usb 3-6: New USB device strings: Mfr=1, Product=2, SerialNumber=0
[ 4110.818222] usb 3-6: Product: iToken
[ 4110.818223] usb 3-6: Manufacturer: BIFIT
[ 4111.256300] xhci_hcd 0000:00:14.0: WARN Event TRB for slot 7 ep 4 with no TDs queued?
[ 4112.487260] xhci_hcd 0000:00:14.0: WARN Event TRB for slot 7 ep 4 with no TDs queued?
[ 4112.516592] xhci_hcd 0000:00:14.0: WARN Event TRB for slot 7 ep 4 with no TDs queued?
[ 4112.581319] xhci_hcd 0000:00:14.0: WARN Event TRB for slot 7 ep 4 with no TDs queued?
[ 4112.610388] xhci_hcd 0000:00:14.0: WARN Event TRB for slot 7 ep 4 with no TDs queued?
[ 4112.618299] xhci_hcd 0000:00:14.0: WARN Event TRB for slot 7 ep 4 with no TDs queued?
[ 4112.620714] xhci_hcd 0000:00:14.0: WARN Event TRB for slot 7 ep 4 with no TDs queued?
[ 4112.626751] xhci_hcd 0000:00:14.0: WARN Event TRB for slot 7 ep 4 with no TDs queued?
[ 4112.629189] xhci_hcd 0000:00:14.0: WARN Event TRB for slot 7 ep 4 with no TDs queued?
[ 4114.729039] xhci_hcd 0000:00:14.0: WARN Event TRB for slot 7 ep 4 with no TDs queued?
[ 4114.737661] xhci_hcd 0000:00:14.0: WARN Event TRB for slot 7 ep 4 with no TDs queued?
[ 4114.742766] xhci_hcd 0000:00:14.0: WARN Event TRB for slot 7 ep 4 with no TDs queued?
[ 4114.752500] xhci_hcd 0000:00:14.0: WARN Event TRB for slot 7 ep 4 with no TDs queued?
[ 4114.767190] xhci_hcd 0000:00:14.0: WARN Event TRB for slot 7 ep 4 with no TDs queued?
[ 4114.779465] xhci_hcd 0000:00:14.0: WARN Event TRB for slot 7 ep 4 with no TDs queued?
[ 4114.788591] xhci_hcd 0000:00:14.0: WARN Event TRB for slot 7 ep 4 with no TDs queued?
[ 4114.806360] xhci_hcd 0000:00:14.0: WARN Event TRB for slot 7 ep 4 with no TDs queued?
[ 4114.818647] xhci_hcd 0000:00:14.0: WARN Event TRB for slot 7 ep 4 with no TDs queued?
[ 4114.827733] xhci_hcd 0000:00:14.0: WARN Event TRB for slot 7 ep 4 with no TDs queued?
[ 4114.852647] xhci_hcd 0000:00:14.0: WARN Event TRB for slot 7 ep 4 with no TDs queued?
[ 4114.864955] xhci_hcd 0000:00:14.0: WARN Event TRB for slot 7 ep 4 with no TDs queued?
[ 4114.874090] xhci_hcd 0000:00:14.0: WARN Event TRB for slot 7 ep 4 with no TDs queued?
[ 4125.966410] xhci_hcd 0000:00:14.0: WARN Event TRB for slot 7 ep 4 with no TDs queued?
[ 4125.974761] xhci_hcd 0000:00:14.0: WARN Event TRB for slot 7 ep 4 with no TDs queued?
[ 4125.987100] xhci_hcd 0000:00:14.0: WARN Event TRB for slot 7 ep 4 with no TDs queued?
[ 4125.996225] xhci_hcd 0000:00:14.0: WARN Event TRB for slot 7 ep 4 with no TDs queued?
[ 4126.000193] xhci_hcd 0000:00:14.0: WARN Event TRB for slot 7 ep 4 with no TDs queued?
[ 4126.036420] xhci_hcd 0000:00:14.0: WARN Event TRB for slot 7 ep 4 with no TDs queued?
[ 4126.167595] xhci_hcd 0000:00:14.0: WARN Event TRB for slot 7 ep 4 with no TDs queued?
[ 4126.180914] xhci_hcd 0000:00:14.0: WARN Event TRB for slot 7 ep 4 with no TDs queued?
[ 4126.185604] xhci_hcd 0000:00:14.0: WARN Event TRB for slot 7 ep 4 with no TDs queued?
[ 4126.188413] xhci_hcd 0000:00:14.0: WARN Event TRB for slot 7 ep 4 with no TDs queued?
[ 4126.195212] xhci_hcd 0000:00:14.0: WARN Event TRB for slot 7 ep 4 with no TDs queued?
[ 4126.196766] xhci_hcd 0000:00:14.0: WARN Event TRB for slot 7 ep 4 with no TDs queued?
[ 4126.223278] xhci_hcd 0000:00:14.0: WARN Event TRB for slot 7 ep 4 with no TDs queued?
[ 4126.231592] xhci_hcd 0000:00:14.0: WARN Event TRB for slot 7 ep 4 with no TDs queued?
[ 4126.242046] xhci_hcd 0000:00:14.0: WARN Event TRB for slot 7 ep 4 with no TDs queued?
[ 4126.250462] xhci_hcd 0000:00:14.0: WARN Event TRB for slot 7 ep 4 with no TDs queued?
[ 4126.260920] xhci_hcd 0000:00:14.0: WARN Event TRB for slot 7 ep 4 with no TDs queued?
[ 4126.267343] xhci_hcd 0000:00:14.0: WARN Event TRB for slot 7 ep 4 with no TDs queued?
[ 4126.299030] xhci_hcd 0000:00:14.0: WARN Event TRB for slot 7 ep 4 with no TDs queued?
[ 4126.308664] xhci_hcd 0000:00:14.0: WARN Event TRB for slot 7 ep 4 with no TDs queued?
[ 4126.328580] xhci_hcd 0000:00:14.0: WARN Event TRB for slot 7 ep 4 with no TDs queued?
[ 4126.332291] xhci_hcd 0000:00:14.0: WARN Event TRB for slot 7 ep 4 with no TDs queued?
[ 4141.935946] xhci_hcd 0000:00:14.0: WARN Event TRB for slot 7 ep 4 with no TDs queued?
[ 4141.944284] xhci_hcd 0000:00:14.0: WARN Event TRB for slot 7 ep 4 with no TDs queued?
[ 4141.948280] xhci_hcd 0000:00:14.0: WARN Event TRB for slot 7 ep 4 with no TDs queued?
[ 4141.984474] xhci_hcd 0000:00:14.0: WARN Event TRB for slot 7 ep 4 with no TDs queued?
[ 4142.097820] xhci_hcd 0000:00:14.0: WARN Event TRB for slot 7 ep 4 with no TDs queued?
[ 4142.109594] xhci_hcd 0000:00:14.0: WARN Event TRB for slot 7 ep 4 with no TDs queued?
[ 4142.136329] xhci_hcd 0000:00:14.0: WARN Event TRB for slot 7 ep 4 with no TDs queued?
[ 4142.144684] xhci_hcd 0000:00:14.0: WARN Event TRB for slot 7 ep 4 with no TDs queued?
[ 4142.155157] xhci_hcd 0000:00:14.0: WARN Event TRB for slot 7 ep 4 with no TDs queued?
[ 4142.163561] xhci_hcd 0000:00:14.0: WARN Event TRB for slot 7 ep 4 with no TDs queued?
[ 4142.173979] xhci_hcd 0000:00:14.0: WARN Event TRB for slot 7 ep 4 with no TDs queued?
[ 4142.180370] xhci_hcd 0000:00:14.0: WARN Event TRB for slot 7 ep 4 with no TDs queued?
[ 4142.216964] xhci_hcd 0000:00:14.0: WARN Event TRB for slot 7 ep 4 with no TDs queued?
[ 4142.226601] xhci_hcd 0000:00:14.0: WARN Event TRB for slot 7 ep 4 with no TDs queued?
[ 4142.251373] xhci_hcd 0000:00:14.0: WARN Event TRB for slot 7 ep 4 with no TDs queued?
[ 4142.261027] xhci_hcd 0000:00:14.0: WARN Event TRB for slot 7 ep 4 with no TDs queued?
[ 4142.270965] xhci_hcd 0000:00:14.0: WARN Event TRB for slot 7 ep 4 with no TDs queued?
[ 4142.284134] xhci_hcd 0000:00:14.0: WARN Event TRB for slot 7 ep 4 with no TDs queued?
[ 4142.295601] xhci_hcd 0000:00:14.0: WARN Event TRB for slot 7 ep 4 with no TDs queued?
[ 4142.352815] xhci_hcd 0000:00:14.0: WARN Event TRB for slot 7 ep 4 with no TDs queued?
[ 4142.457122] xhci_hcd 0000:00:14.0: WARN Event TRB for slot 7 ep 4 with no TDs queued?
[ 4142.463898] xhci_hcd 0000:00:14.0: WARN Event TRB for slot 7 ep 4 with no TDs queued?
[ 4142.486239] xhci_hcd 0000:00:14.0: WARN Event TRB for slot 7 ep 4 with no TDs queued?
[ 4142.495872] xhci_hcd 0000:00:14.0: WARN Event TRB for slot 7 ep 4 with no TDs queued?
[ 4142.508720] xhci_hcd 0000:00:14.0: WARN Event TRB for slot 7 ep 4 with no TDs queued?
[ 4142.515835] xhci_hcd 0000:00:14.0: WARN Event TRB for slot 7 ep 4 with no TDs queued?
[ 4142.527564] xhci_hcd 0000:00:14.0: WARN Event TRB for slot 7 ep 4 with no TDs queued?
[ 4142.561791] xhci_hcd 0000:00:14.0: WARN Event TRB for slot 7 ep 4 with no TDs queued?
[ 4142.574641] xhci_hcd 0000:00:14.0: WARN Event TRB for slot 7 ep 4 with no TDs queued?
[ 4142.608959] xhci_hcd 0000:00:14.0: WARN Event TRB for slot 7 ep 4 with no TDs queued?
[ 4142.621964] xhci_hcd 0000:00:14.0: WARN Event TRB for slot 7 ep 4 with no TDs queued?
[ 4142.656140] xhci_hcd 0000:00:14.0: WARN Event TRB for slot 7 ep 4 with no TDs queued?
[ 4142.669067] xhci_hcd 0000:00:14.0: WARN Event TRB for slot 7 ep 4 with no TDs queued?
[ 4142.703267] xhci_hcd 0000:00:14.0: WARN Event TRB for slot 7 ep 4 with no TDs queued?
[ 4142.715474] xhci_hcd 0000:00:14.0: WARN Event TRB for slot 7 ep 4 with no TDs queued?
[ 4142.743239] xhci_hcd 0000:00:14.0: WARN Event TRB for slot 7 ep 4 with no TDs queued?
[ 4142.789417] xhci_hcd 0000:00:14.0: WARN Event TRB for slot 7 ep 4 with no TDs queued?
[ 4142.796562] xhci_hcd 0000:00:14.0: WARN Event TRB for slot 7 ep 4 with no TDs queued?
[ 4142.808369] xhci_hcd 0000:00:14.0: WARN Event TRB for slot 7 ep 4 with no TDs queued?
[ 4142.842596] xhci_hcd 0000:00:14.0: WARN Event TRB for slot 7 ep 4 with no TDs queued?
[ 4142.855448] xhci_hcd 0000:00:14.0: WARN Event TRB for slot 7 ep 4 with no TDs queued?
[ 4142.889682] xhci_hcd 0000:00:14.0: WARN Event TRB for slot 7 ep 4 with no TDs queued?
[ 4142.902534] xhci_hcd 0000:00:14.0: WARN Event TRB for slot 7 ep 4 with no TDs queued?
[ 4142.936788] xhci_hcd 0000:00:14.0: WARN Event TRB for slot 7 ep 4 with no TDs queued?
[ 4142.949689] xhci_hcd 0000:00:14.0: WARN Event TRB for slot 7 ep 4 with no TDs queued?
[ 4142.983916] xhci_hcd 0000:00:14.0: WARN Event TRB for slot 7 ep 4 with no TDs queued?
[ 4142.994315] xhci_hcd 0000:00:14.0: WARN Event TRB for slot 7 ep 4 with no TDs queued?
[ 4143.002083] xhci_hcd 0000:00:14.0: WARN Event TRB for slot 7 ep 4 with no TDs queued?
[ 4143.022692] xhci_hcd 0000:00:14.0: WARN Event TRB for slot 7 ep 4 with no TDs queued?
[ 4143.032544] xhci_hcd 0000:00:14.0: WARN Event TRB for slot 7 ep 4 with no TDs queued?
[ 4143.042520] xhci_hcd 0000:00:14.0: WARN Event TRB for slot 7 ep 4 with no TDs queued?
[ 4143.055831] xhci_hcd 0000:00:14.0: WARN Event TRB for slot 7 ep 4 with no TDs queued?
[ 4143.067323] xhci_hcd 0000:00:14.0: WARN Event TRB for slot 7 ep 4 with no TDs queued?
[ 4143.124680] xhci_hcd 0000:00:14.0: WARN Event TRB for slot 7 ep 4 with no TDs queued?
[ 4143.211816] xhci_hcd 0000:00:14.0: WARN Event TRB for slot 7 ep 4 with no TDs queued?
[ 4143.218575] xhci_hcd 0000:00:14.0: WARN Event TRB for slot 7 ep 4 with no TDs queued?
[ 4143.228496] xhci_hcd 0000:00:14.0: WARN Event TRB for slot 7 ep 4 with no TDs queued?
[ 4143.242840] xhci_hcd 0000:00:14.0: WARN Event TRB for slot 7 ep 4 with no TDs queued?
[ 4143.258522] xhci_hcd 0000:00:14.0: WARN Event TRB for slot 7 ep 4 with no TDs queued?
[ 4143.268100] xhci_hcd 0000:00:14.0: WARN Event TRB for slot 7 ep 4 with no TDs queued?
[ 4143.278042] xhci_hcd 0000:00:14.0: WARN Event TRB for slot 7 ep 4 with no TDs queued?
[ 4143.291181] xhci_hcd 0000:00:14.0: WARN Event TRB for slot 7 ep 4 with no TDs queued?
[ 4143.302670] xhci_hcd 0000:00:14.0: WARN Event TRB for slot 7 ep 4 with no TDs queued?
[ 4143.360051] xhci_hcd 0000:00:14.0: WARN Event TRB for slot 7 ep 4 with no TDs queued?
[ 4143.448414] xhci_hcd 0000:00:14.0: WARN Event TRB for slot 7 ep 4 with no TDs queued?
[ 4143.455328] xhci_hcd 0000:00:14.0: WARN Event TRB for slot 7 ep 4 with no TDs queued?
[ 4143.478241] xhci_hcd 0000:00:14.0: WARN Event TRB for slot 7 ep 4 with no TDs queued?
[ 4143.487970] xhci_hcd 0000:00:14.0: WARN Event TRB for slot 7 ep 4 with no TDs queued?
[ 4143.500867] xhci_hcd 0000:00:14.0: WARN Event TRB for slot 7 ep 4 with no TDs queued?
[ 4143.507959] xhci_hcd 0000:00:14.0: WARN Event TRB for slot 7 ep 4 with no TDs queued?
[ 4143.519689] xhci_hcd 0000:00:14.0: WARN Event TRB for slot 7 ep 4 with no TDs queued?
[ 4143.553929] xhci_hcd 0000:00:14.0: WARN Event TRB for slot 7 ep 4 with no TDs queued?
[ 4143.566795] xhci_hcd 0000:00:14.0: WARN Event TRB for slot 7 ep 4 with no TDs queued?
[ 4143.601044] xhci_hcd 0000:00:14.0: WARN Event TRB for slot 7 ep 4 with no TDs queued?
[ 4143.613897] xhci_hcd 0000:00:14.0: WARN Event TRB for slot 7 ep 4 with no TDs queued?
[ 4143.648133] xhci_hcd 0000:00:14.0: WARN Event TRB for slot 7 ep 4 with no TDs queued?
[ 4143.661023] xhci_hcd 0000:00:14.0: WARN Event TRB for slot 7 ep 4 with no TDs queued?
[ 4143.695224] xhci_hcd 0000:00:14.0: WARN Event TRB for slot 7 ep 4 with no TDs queued?
[ 4143.707496] xhci_hcd 0000:00:14.0: WARN Event TRB for slot 7 ep 4 with no TDs queued?
[ 4143.735233] xhci_hcd 0000:00:14.0: WARN Event TRB for slot 7 ep 4 with no TDs queued?
[ 4143.779969] xhci_hcd 0000:00:14.0: WARN Event TRB for slot 7 ep 4 with no TDs queued?
[ 4143.787078] xhci_hcd 0000:00:14.0: WARN Event TRB for slot 7 ep 4 with no TDs queued?
[ 4143.798803] xhci_hcd 0000:00:14.0: WARN Event TRB for slot 7 ep 4 with no TDs queued?
[ 4143.833001] xhci_hcd 0000:00:14.0: WARN Event TRB for slot 7 ep 4 with no TDs queued?
[ 4143.845787] xhci_hcd 0000:00:14.0: WARN Event TRB for slot 7 ep 4 with no TDs queued?
[ 4143.879990] xhci_hcd 0000:00:14.0: WARN Event TRB for slot 7 ep 4 with no TDs queued?
[ 4143.893062] xhci_hcd 0000:00:14.0: WARN Event TRB for slot 7 ep 4 with no TDs queued?
[ 4143.927325] xhci_hcd 0000:00:14.0: WARN Event TRB for slot 7 ep 4 with no TDs queued?
[ 4143.940280] xhci_hcd 0000:00:14.0: WARN Event TRB for slot 7 ep 4 with no TDs queued?
[ 4143.974547] xhci_hcd 0000:00:14.0: WARN Event TRB for slot 7 ep 4 with no TDs queued?
[ 4143.984786] xhci_hcd 0000:00:14.0: WARN Event TRB for slot 7 ep 4 with no TDs queued?
[ 4143.992547] xhci_hcd 0000:00:14.0: WARN Event TRB for slot 7 ep 4 with no TDs queued?
[ 4144.002148] xhci_hcd 0000:00:14.0: WARN Event TRB for slot 7 ep 4 with no TDs queued?
[ 4144.020723] xhci_hcd 0000:00:14.0: WARN Event TRB for slot 7 ep 4 with no TDs queued?
[ 4144.030407] xhci_hcd 0000:00:14.0: WARN Event TRB for slot 7 ep 4 with no TDs queued?
[ 4144.040458] xhci_hcd 0000:00:14.0: WARN Event TRB for slot 7 ep 4 with no TDs queued?
[ 4144.053615] xhci_hcd 0000:00:14.0: WARN Event TRB for slot 7 ep 4 with no TDs queued?
[ 4144.065151] xhci_hcd 0000:00:14.0: WARN Event TRB for slot 7 ep 4 with no TDs queued?
[ 4144.124230] xhci_hcd 0000:00:14.0: WARN Event TRB for slot 7 ep 4 with no TDs queued?
[ 4144.210798] xhci_hcd 0000:00:14.0: WARN Event TRB for slot 7 ep 4 with no TDs queued?
[ 4144.217536] xhci_hcd 0000:00:14.0: WARN Event TRB for slot 7 ep 4 with no TDs queued?
[ 4144.230596] xhci_hcd 0000:00:14.0: WARN Event TRB for slot 7 ep 4 with no TDs queued?
[ 4144.318837] xhci_hcd 0000:00:14.0: WARN Event TRB for slot 7 ep 4 with no TDs queued?
[ 4144.328448] xhci_hcd 0000:00:14.0: WARN Event TRB for slot 7 ep 4 with no TDs queued?
[ 4144.426046] xhci_hcd 0000:00:14.0: WARN Event TRB for slot 7 ep 4 with no TDs queued?
[ 4144.440435] xhci_hcd 0000:00:14.0: WARN Event TRB for slot 7 ep 4 with no TDs queued?
[ 4144.450105] xhci_hcd 0000:00:14.0: WARN Event TRB for slot 7 ep 4 with no TDs queued?
[ 4144.526334] xhci_hcd 0000:00:14.0: WARN Event TRB for slot 7 ep 4 with no TDs queued?
[ 4144.561252] xhci_hcd 0000:00:14.0: WARN Event TRB for slot 7 ep 4 with no TDs queued?
[ 4144.571648] xhci_hcd 0000:00:14.0: WARN Event TRB for slot 7 ep 4 with no TDs queued?
[ 4144.642603] xhci_hcd 0000:00:14.0: WARN Event TRB for slot 7 ep 4 with no TDs queued?
[ 4144.646332] xhci_hcd 0000:00:14.0: WARN Event TRB for slot 7 ep 4 with no TDs queued?
[ 4148.006313] xhci_hcd 0000:00:14.0: WARN Event TRB for slot 7 ep 4 with no TDs queued?
[ 4148.018626] xhci_hcd 0000:00:14.0: WARN Event TRB for slot 7 ep 4 with no TDs queued?
[ 4148.027782] xhci_hcd 0000:00:14.0: WARN Event TRB for slot 7 ep 4 with no TDs queued?
[ 4148.047151] xhci_hcd 0000:00:14.0: WARN Event TRB for slot 7 ep 4 with no TDs queued?
[ 4148.059467] xhci_hcd 0000:00:14.0: WARN Event TRB for slot 7 ep 4 with no TDs queued?
[ 4148.068595] xhci_hcd 0000:00:14.0: WARN Event TRB for slot 7 ep 4 with no TDs queued?
[ 4148.091309] xhci_hcd 0000:00:14.0: WARN Event TRB for slot 7 ep 4 with no TDs queued?
[ 4148.103636] xhci_hcd 0000:00:14.0: WARN Event TRB for slot 7 ep 4 with no TDs queued?
[ 4148.112783] xhci_hcd 0000:00:14.0: WARN Event TRB for slot 7 ep 4 with no TDs queued?
[ 4151.171588] xhci_hcd 0000:00:14.0: WARN Event TRB for slot 7 ep 4 with no TDs queued?
[ 4151.183868] xhci_hcd 0000:00:14.0: WARN Event TRB for slot 7 ep 4 with no TDs queued?
[ 4151.192998] xhci_hcd 0000:00:14.0: WARN Event TRB for slot 7 ep 4 with no TDs queued?
[ 4151.213766] xhci_hcd 0000:00:14.0: WARN Event TRB for slot 7 ep 4 with no TDs queued?
[ 4151.226026] xhci_hcd 0000:00:14.0: WARN Event TRB for slot 7 ep 4 with no TDs queued?
[ 4151.235151] xhci_hcd 0000:00:14.0: WARN Event TRB for slot 7 ep 4 with no TDs queued?
[ 4151.252789] xhci_hcd 0000:00:14.0: WARN Event TRB for slot 7 ep 4 with no TDs queued?
[ 4151.265025] xhci_hcd 0000:00:14.0: WARN Event TRB for slot 7 ep 4 with no TDs queued?
[ 4151.274149] xhci_hcd 0000:00:14.0: WARN Event TRB for slot 7 ep 4 with no TDs queued?
[ 4198.601768] xhci_hcd 0000:00:14.0: WARN Event TRB for slot 7 ep 4 with no TDs queued?
[ 4199.829459] xhci_hcd 0000:00:14.0: WARN Event TRB for slot 7 ep 4 with no TDs queued?
[ 4199.858508] xhci_hcd 0000:00:14.0: WARN Event TRB for slot 7 ep 4 with no TDs queued?
[ 4199.920066] xhci_hcd 0000:00:14.0: WARN Event TRB for slot 7 ep 4 with no TDs queued?
[ 4199.949079] xhci_hcd 0000:00:14.0: WARN Event TRB for slot 7 ep 4 with no TDs queued?
[ 4199.953686] xhci_hcd 0000:00:14.0: WARN Event TRB for slot 7 ep 4 with no TDs queued?
[ 4199.956027] xhci_hcd 0000:00:14.0: WARN Event TRB for slot 7 ep 4 with no TDs queued?
[ 4199.961499] xhci_hcd 0000:00:14.0: WARN Event TRB for slot 7 ep 4 with no TDs queued?
[ 4199.963874] xhci_hcd 0000:00:14.0: WARN Event TRB for slot 7 ep 4 with no TDs queued?
[ 4260.017826] usb 3-6: USB disconnect, device number 8
[ 5961.231403] systemd-hostnamed[11111]: Warning: nss-myhostname is not installed. Changing the local hostname might make it unresolveable. Please install nss-myhostname!
[ 6182.616311] capability: warning: `VirtualBox' uses 32-bit capabilities (legacy support in use)
[ 7861.877221] SUPR0GipMap: fGetGipCpu=0x3
[ 7862.355873] vboxdrv: ffffffffc08a5020 VMMR0.r0
[ 7862.464509] vboxdrv: ffffffffc07be020 VBoxDDR0.r0
[ 7862.466252] vboxdrv: ffffffffc0008020 VBoxDD2R0.r0
[ 7862.507135] vboxdrv: ffffffffc00b3020 VBoxEhciR0.r0
[ 9299.445873] vboxdrv: ffffffffc099f020 VMMR0.r0
[ 9299.548520] vboxdrv: ffffffffc07dd020 VBoxDDR0.r0
[ 9299.549679] vboxdrv: ffffffffc0255020 VBoxDD2R0.r0
[ 9299.569542] vboxdrv: ffffffffc02a5020 VBoxEhciR0.r0
